#
# There is insufficient memory for the Java Runtime Environment to continue.
# Native memory allocation (malloc) failed to allocate 2039376 bytes. Error detail: Chunk::new
# Possible reasons:
#   The system is out of physical RAM or swap space
#   This process is running with CompressedOops enabled, and the Java Heap may be blocking the growth of the native heap
# Possible solutions:
#   Reduce memory load on the system
#   Increase physical memory or swap space
#   Check if swap backing store is full
#   Decrease Java heap size (-Xmx/-Xms)
#   Decrease number of Java threads
#   Decrease Java thread stack sizes (-Xss)
#   Set larger code cache with -XX:ReservedCodeCacheSize=
#   JVM is running with Unscaled Compressed Oops mode in which the Java heap is
#     placed in the first 4GB address space. The Java Heap base address is the
#     maximum limit for the native heap growth. Please use -XX:HeapBaseMinAddress
#     to set the Java Heap base and to place the Java Heap above 4GB virtual address.
# This output file may be truncated or incomplete.
#
#  Out of Memory Error (arena.cpp:168), pid=12736, tid=10476
#
# JRE version: OpenJDK Runtime Environment Temurin-21.0.12.1+1 (21.0.12.1+1) (build 21.0.12.1+1-LTS)
# Java VM: OpenJDK 64-Bit Server VM Temurin-21.0.12.1+1 (21.0.12.1+1-LTS, mixed mode, sharing, tiered, compressed oops, compressed class ptrs, g1 gc, windows-amd64)
# No core dump will be written. Minidumps are not enabled by default on client versions of Windows
#

---------------  S U M M A R Y ------------

Command Line: --add-opens=java.base/java.lang=ALL-UNNAMED --add-opens=java.base/java.lang.invoke=ALL-UNNAMED --add-opens=java.base/java.util=ALL-UNNAMED --add-opens=java.prefs/java.util.prefs=ALL-UNNAMED --add-exports=jdk.compiler/com.sun.tools.javac.api=ALL-UNNAMED --add-exports=jdk.compiler/com.sun.tools.javac.util=ALL-UNNAMED --add-opens=java.base/java.util=ALL-UNNAMED --add-opens=java.prefs/java.util.prefs=ALL-UNNAMED --add-opens=java.base/java.nio.charset=ALL-UNNAMED --add-opens=java.base/java.net=ALL-UNNAMED --add-opens=java.base/java.util.concurrent=ALL-UNNAMED --add-opens=java.base/java.util.concurrent.atomic=ALL-UNNAMED --add-opens=java.xml/javax.xml.namespace=ALL-UNNAMED --add-opens=java.base/java.time=ALL-UNNAMED -XX:MaxMetaspaceSize=512m -XX:ReservedCodeCacheSize=256m -XX:+HeapDumpOnOutOfMemoryError -Xmx1G -Dfile.encoding=UTF-8 -Duser.country=LY -Duser.language=ar -Duser.variant -javaagent:C:\Users\moner\.gradle\wrapper\dists\gradle-9.3.1-all\9ot9r568e8zfvvd4mn8rbu1j0\gradle-9.3.1\lib\agents\gradle-instrumentation-agent-9.3.1.jar org.gradle.launcher.daemon.bootstrap.GradleDaemon 9.3.1

Host: Intel(R) Core(TM) m5-6Y54 CPU @ 1.10GHz, 4 cores, 7G,  Windows 11 , 64 bit Build 22621 (10.0.22621.1194)
Time: Wed Sep 23 15:47:17 2026 elapsed time: 149.645880 seconds (0d 0h 2m 29s)

---------------  T H R E A D  ---------------

Current thread (0x000001fda4d3e3c0):  JavaThread "C2 CompilerThread0" daemon [_thread_in_native, id=10476, stack(0x0000004b79500000,0x0000004b79600000) (1024K)]


Current CompileTask:
C2:149646 13642   !   4       java.lang.ClassLoader::loadClass (121 bytes)

Stack: [0x0000004b79500000,0x0000004b79600000]
Native frames: (J=compiled Java code, j=interpreted, Vv=VM code, C=native code)
V  [jvm.dll+0x6d83e9]
V  [jvm.dll+0x8b5736]
V  [jvm.dll+0x8b7cee]
V  [jvm.dll+0x8b83d3]
V  [jvm.dll+0x284596]
V  [jvm.dll+0xc685d]
V  [jvm.dll+0xc6da1]
V  [jvm.dll+0x3bf151]
V  [jvm.dll+0x1e4149]
V  [jvm.dll+0x24c853]
V  [jvm.dll+0x24bce0]
V  [jvm.dll+0x1cb4ae]
V  [jvm.dll+0x25baad]
V  [jvm.dll+0x25a03a]
V  [jvm.dll+0x3f8aae]
V  [jvm.dll+0x8600cd]
V  [jvm.dll+0x6d6c1d]
C  [ucrtbase.dll+0x29363]
C  [KERNEL32.DLL+0x126bd]
C  [ntdll.dll+0x5dfb8]


---------------  P R O C E S S  ---------------

Threads class SMR info:
_java_thread_list=0x000001fdc91b2f40, length=74, elements={
0x000001fd8e28a340, 0x000001fda4d33ac0, 0x000001fda4d346d0, 0x000001fda4d39700,
0x000001fda4d3a160, 0x000001fda4d3cbd0, 0x000001fda4d3d630, 0x000001fda4d3e3c0,
0x000001fda4d6d030, 0x000001fdc40dba40, 0x000001fdc411db50, 0x000001fdc4b25140,
0x000001fdc4df1200, 0x000001fdc40c9470, 0x000001fdc4fdf160, 0x000001fdc4f92090,
0x000001fdc4d63720, 0x000001fdc4d67730, 0x000001fdc4d67dc0, 0x000001fdc4d68450,
0x000001fdc4d6a520, 0x000001fdc4d69170, 0x000001fdc4d68ae0, 0x000001fdc4d69800,
0x000001fdc790fb40, 0x000001fdc7911c10, 0x000001fdc7910ef0, 0x000001fdc790ee20,
0x000001fdc7910860, 0x000001fdc79101d0, 0x000001fdc7911580, 0x000001fdc790f4b0,
0x000001fdc790c6c0, 0x000001fdc790b310, 0x000001fdc790c030, 0x000001fdc790cd50,
0x000001fdc790d3e0, 0x000001fdc790da70, 0x000001fdc790e100, 0x000001fdc66f2750,
0x000001fdc66f13a0, 0x000001fdc66f20c0, 0x000001fdc66f0d10, 0x000001fdc66f1a30,
0x000001fdc66f3470, 0x000001fdc8a2ca60, 0x000001fdc8a2a990, 0x000001fdc8a29c70,
0x000001fdc8a2b020, 0x000001fdc8a2b6b0, 0x000001fdc8a2a300, 0x000001fdc8a2d780,
0x000001fdc8a2f850, 0x000001fdc8a2f1c0, 0x000001fdc8a2eb30, 0x000001fdc8a2fee0,
0x000001fdc8a30570, 0x000001fdc8a30c00, 0x000001fdc8a31290, 0x000001fdc8a2bd40,
0x000001fdc7768630, 0x000001fdc7765840, 0x000001fdc7762a50, 0x000001fdc7764b20,
0x000001fdc77651b0, 0x000001fdc7767280, 0x000001fdc7765ed0, 0x000001fdc77630e0,
0x000001fdc7763e00, 0x000001fdc7766560, 0x000001fdc7766bf0, 0x000001fdc7767fa0,
0x000001fdc7769350, 0x000001fdc8d22a60
}

Java Threads: ( => current thread )
  0x000001fd8e28a340 JavaThread "main"                              [_thread_blocked, id=17556, stack(0x0000004b78700000,0x0000004b78800000) (1024K)]
  0x000001fda4d33ac0 JavaThread "Reference Handler"          daemon [_thread_blocked, id=17304, stack(0x0000004b78f00000,0x0000004b79000000) (1024K)]
  0x000001fda4d346d0 JavaThread "Finalizer"                  daemon [_thread_blocked, id=19204, stack(0x0000004b79000000,0x0000004b79100000) (1024K)]
  0x000001fda4d39700 JavaThread "Signal Dispatcher"          daemon [_thread_blocked, id=5640, stack(0x0000004b79100000,0x0000004b79200000) (1024K)]
  0x000001fda4d3a160 JavaThread "Attach Listener"            daemon [_thread_blocked, id=4064, stack(0x0000004b79200000,0x0000004b79300000) (1024K)]
  0x000001fda4d3cbd0 JavaThread "Service Thread"             daemon [_thread_blocked, id=14484, stack(0x0000004b79300000,0x0000004b79400000) (1024K)]
  0x000001fda4d3d630 JavaThread "Monitor Deflation Thread"   daemon [_thread_blocked, id=19360, stack(0x0000004b79400000,0x0000004b79500000) (1024K)]
=>0x000001fda4d3e3c0 JavaThread "C2 CompilerThread0"         daemon [_thread_in_native, id=10476, stack(0x0000004b79500000,0x0000004b79600000) (1024K)]
  0x000001fda4d6d030 JavaThread "C1 CompilerThread0"         daemon [_thread_blocked, id=12544, stack(0x0000004b79600000,0x0000004b79700000) (1024K)]
  0x000001fdc40dba40 JavaThread "Common-Cleaner"             daemon [_thread_blocked, id=1308, stack(0x0000004b79700000,0x0000004b79800000) (1024K)]
  0x000001fdc411db50 JavaThread "Notification Thread"        daemon [_thread_blocked, id=19804, stack(0x0000004b79800000,0x0000004b79900000) (1024K)]
  0x000001fdc4b25140 JavaThread "Daemon health stats"               [_thread_blocked, id=12756, stack(0x0000004b79c00000,0x0000004b79d00000) (1024K)]
  0x000001fdc4df1200 JavaThread "Incoming local TCP Connector on port 7980"        [_thread_in_native, id=8404, stack(0x0000004b79d00000,0x0000004b79e00000) (1024K)]
  0x000001fdc40c9470 JavaThread "Daemon periodic checks"            [_thread_blocked, id=9728, stack(0x0000004b79e00000,0x0000004b79f00000) (1024K)]
  0x000001fdc4fdf160 JavaThread "Daemon"                            [_thread_blocked, id=11752, stack(0x0000004b79f00000,0x0000004b7a000000) (1024K)]
  0x000001fdc4f92090 JavaThread "Handler for socket connection from /127.0.0.1:7980 to /127.0.0.1:7981"        [_thread_in_native, id=17684, stack(0x0000004b7a000000,0x0000004b7a100000) (1024K)]
  0x000001fdc4d63720 JavaThread "Cancel handler"                    [_thread_blocked, id=15712, stack(0x0000004b7a100000,0x0000004b7a200000) (1024K)]
  0x000001fdc4d67730 JavaThread "Daemon worker"                     [_thread_in_vm, id=13884, stack(0x0000004b7a200000,0x0000004b7a300000) (1024K)]
  0x000001fdc4d67dc0 JavaThread "Asynchronous log dispatcher for DefaultDaemonConnection: socket connection from /127.0.0.1:7980 to /127.0.0.1:7981"        [_thread_blocked, id=9208, stack(0x0000004b7a300000,0x0000004b7a400000) (1024K)]
  0x000001fdc4d68450 JavaThread "Stdin handler"                     [_thread_blocked, id=16608, stack(0x0000004b7a400000,0x0000004b7a500000) (1024K)]
  0x000001fdc4d6a520 JavaThread "Daemon client event forwarder"        [_thread_blocked, id=18536, stack(0x0000004b7a500000,0x0000004b7a600000) (1024K)]
  0x000001fdc4d69170 JavaThread "Cache worker for journal cache (C:\Users\moner\.gradle\caches\journal-1)"        [_thread_blocked, id=18248, stack(0x0000004b7a600000,0x0000004b7a700000) (1024K)]
  0x000001fdc4d68ae0 JavaThread "File lock request listener"        [_thread_in_native, id=15096, stack(0x0000004b7a700000,0x0000004b7a800000) (1024K)]
  0x000001fdc4d69800 JavaThread "Cache worker for file hash cache (C:\Users\moner\.gradle\caches\9.3.1\fileHashes)"        [_thread_blocked, id=14856, stack(0x0000004b7a800000,0x0000004b7a900000) (1024K)]
  0x000001fdc790fb40 JavaThread "Cache worker for file hash cache (D:\M\test\android\.gradle\9.3.1\fileHashes)"        [_thread_blocked, id=8988, stack(0x0000004b7aa00000,0x0000004b7ab00000) (1024K)]
  0x000001fdc7911c10 JavaThread "Cache worker for Build Output Cleanup Cache (D:\M\test\android\.gradle\buildOutputCleanup)"        [_thread_blocked, id=16868, stack(0x0000004b7a900000,0x0000004b7aa00000) (1024K)]
  0x000001fdc7910ef0 JavaThread "File watcher server"        daemon [_thread_in_native, id=12448, stack(0x0000004b7ab00000,0x0000004b7ac00000) (1024K)]
  0x000001fdc790ee20 JavaThread "File watcher consumer"      daemon [_thread_blocked, id=3792, stack(0x0000004b7ac00000,0x0000004b7ad00000) (1024K)]
  0x000001fdc7910860 JavaThread "Cache worker for checksums cache (D:\M\test\android\.gradle\9.3.1\checksums)"        [_thread_blocked, id=19552, stack(0x0000004b7ad00000,0x0000004b7ae00000) (1024K)]
  0x000001fdc79101d0 JavaThread "Cache worker for file content cache (C:\Users\moner\.gradle\caches\9.3.1\fileContent)"        [_thread_blocked, id=17944, stack(0x0000004b7ae00000,0x0000004b7af00000) (1024K)]
  0x000001fdc7911580 JavaThread "Cache worker for cache directory md-supplier (C:\Users\moner\.gradle\caches\9.3.1\md-supplier)"        [_thread_blocked, id=19848, stack(0x0000004b7af00000,0x0000004b7b000000) (1024K)]
  0x000001fdc790f4b0 JavaThread "Cache worker for cache directory md-rule (C:\Users\moner\.gradle\caches\9.3.1\md-rule)"        [_thread_blocked, id=13024, stack(0x0000004b7b000000,0x0000004b7b100000) (1024K)]
  0x000001fdc790c6c0 JavaThread "File lock release action executor"        [_thread_blocked, id=19692, stack(0x0000004b7b100000,0x0000004b7b200000) (1024K)]
  0x000001fdc790b310 JavaThread "Cache worker for Build Output Cleanup Cache (D:\flutter_windows_3.47.5-stable\flutter\packages\flutter_tools\gradle\.gradle\buildOutputCleanup)"        [_thread_blocked, id=14496, stack(0x0000004b7b200000,0x0000004b7b300000) (1024K)]
  0x000001fdc790c030 JavaThread "Unconstrained build operations"        [_thread_blocked, id=18056, stack(0x0000004b7b300000,0x0000004b7b400000) (1024K)]
  0x000001fdc790cd50 JavaThread "Unconstrained build operations Thread 2"        [_thread_blocked, id=6180, stack(0x0000004b7b400000,0x0000004b7b500000) (1024K)]
  0x000001fdc790d3e0 JavaThread "Unconstrained build operations Thread 3"        [_thread_blocked, id=13328, stack(0x0000004b7b500000,0x0000004b7b600000) (1024K)]
  0x000001fdc790da70 JavaThread "Unconstrained build operations Thread 4"        [_thread_blocked, id=19796, stack(0x0000004b7b600000,0x0000004b7b700000) (1024K)]
  0x000001fdc790e100 JavaThread "Unconstrained build operations Thread 5"        [_thread_blocked, id=16512, stack(0x0000004b7b700000,0x0000004b7b800000) (1024K)]
  0x000001fdc66f2750 JavaThread "Unconstrained build operations Thread 6"        [_thread_blocked, id=11704, stack(0x0000004b7b800000,0x0000004b7b900000) (1024K)]
  0x000001fdc66f13a0 JavaThread "Unconstrained build operations Thread 7"        [_thread_blocked, id=16704, stack(0x0000004b7b900000,0x0000004b7ba00000) (1024K)]
  0x000001fdc66f20c0 JavaThread "Unconstrained build operations Thread 8"        [_thread_blocked, id=8640, stack(0x0000004b7ba00000,0x0000004b7bb00000) (1024K)]
  0x000001fdc66f0d10 JavaThread "Unconstrained build operations Thread 9"        [_thread_blocked, id=15428, stack(0x0000004b7bb00000,0x0000004b7bc00000) (1024K)]
  0x000001fdc66f1a30 JavaThread "Memory manager"                    [_thread_blocked, id=18368, stack(0x0000004b7bd00000,0x0000004b7be00000) (1024K)]
  0x000001fdc66f3470 JavaThread "build event listener"              [_thread_blocked, id=20184, stack(0x0000004b7bc00000,0x0000004b7bd00000) (1024K)]
  0x000001fdc8a2ca60 JavaThread "File lock release action executor Thread 2"        [_thread_blocked, id=7156, stack(0x0000004b78500000,0x0000004b78600000) (1024K)]
  0x000001fdc8a2a990 JavaThread "File lock release action executor Thread 3"        [_thread_blocked, id=7916, stack(0x0000004b78600000,0x0000004b78700000) (1024K)]
  0x000001fdc8a29c70 JavaThread "File lock release action executor Thread 4"        [_thread_blocked, id=9560, stack(0x0000004b7be00000,0x0000004b7bf00000) (1024K)]
  0x000001fdc8a2b020 JavaThread "Execution worker"                  [_thread_blocked, id=3348, stack(0x0000004b7c000000,0x0000004b7c100000) (1024K)]
  0x000001fdc8a2b6b0 JavaThread "Execution worker Thread 2"         [_thread_blocked, id=2156, stack(0x0000004b7c100000,0x0000004b7c200000) (1024K)]
  0x000001fdc8a2a300 JavaThread "Execution worker Thread 3"         [_thread_blocked, id=20120, stack(0x0000004b7c200000,0x0000004b7c300000) (1024K)]
  0x000001fdc8a2d780 JavaThread "Cache worker for execution history cache (D:\flutter_windows_3.47.5-stable\flutter\packages\flutter_tools\gradle\.gradle\9.3.1\executionHistory)"        [_thread_blocked, id=8936, stack(0x0000004b7c300000,0x0000004b7c400000) (1024K)]
  0x000001fdc8a2f850 JavaThread "Unconstrained build operations Thread 10"        [_thread_blocked, id=15436, stack(0x0000004b7c400000,0x0000004b7c500000) (1024K)]
  0x000001fdc8a2f1c0 JavaThread "Unconstrained build operations Thread 11"        [_thread_blocked, id=11780, stack(0x0000004b7c500000,0x0000004b7c600000) (1024K)]
  0x000001fdc8a2eb30 JavaThread "Unconstrained build operations Thread 12"        [_thread_blocked, id=17708, stack(0x0000004b7c600000,0x0000004b7c700000) (1024K)]
  0x000001fdc8a2fee0 JavaThread "Unconstrained build operations Thread 13"        [_thread_blocked, id=1444, stack(0x0000004b7c700000,0x0000004b7c800000) (1024K)]
  0x000001fdc8a30570 JavaThread "Unconstrained build operations Thread 14"        [_thread_blocked, id=6956, stack(0x0000004b7c800000,0x0000004b7c900000) (1024K)]
  0x000001fdc8a30c00 JavaThread "Unconstrained build operations Thread 15"        [_thread_blocked, id=6932, stack(0x0000004b7c900000,0x0000004b7ca00000) (1024K)]
  0x000001fdc8a31290 JavaThread "Unconstrained build operations Thread 16"        [_thread_blocked, id=18348, stack(0x0000004b7ca00000,0x0000004b7cb00000) (1024K)]
  0x000001fdc8a2bd40 JavaThread "Unconstrained build operations Thread 17"        [_thread_blocked, id=10976, stack(0x0000004b7cb00000,0x0000004b7cc00000) (1024K)]
  0x000001fdc7768630 JavaThread "Unconstrained build operations Thread 18"        [_thread_blocked, id=7768, stack(0x0000004b7cc00000,0x0000004b7cd00000) (1024K)]
  0x000001fdc7765840 JavaThread "Unconstrained build operations Thread 19"        [_thread_blocked, id=14088, stack(0x0000004b7cd00000,0x0000004b7ce00000) (1024K)]
  0x000001fdc7762a50 JavaThread "Unconstrained build operations Thread 20"        [_thread_blocked, id=19728, stack(0x0000004b7ce00000,0x0000004b7cf00000) (1024K)]
  0x000001fdc7764b20 JavaThread "Unconstrained build operations Thread 21"        [_thread_blocked, id=5056, stack(0x0000004b7cf00000,0x0000004b7d000000) (1024K)]
  0x000001fdc77651b0 JavaThread "Unconstrained build operations Thread 22"        [_thread_blocked, id=16268, stack(0x0000004b7d000000,0x0000004b7d100000) (1024K)]
  0x000001fdc7767280 JavaThread "Unconstrained build operations Thread 23"        [_thread_blocked, id=13852, stack(0x0000004b7d100000,0x0000004b7d200000) (1024K)]
  0x000001fdc7765ed0 JavaThread "Unconstrained build operations Thread 24"        [_thread_blocked, id=3060, stack(0x0000004b7d200000,0x0000004b7d300000) (1024K)]
  0x000001fdc77630e0 JavaThread "Unconstrained build operations Thread 25"        [_thread_blocked, id=3464, stack(0x0000004b7d300000,0x0000004b7d400000) (1024K)]
  0x000001fdc7763e00 JavaThread "Unconstrained build operations Thread 26"        [_thread_blocked, id=9320, stack(0x0000004b7d400000,0x0000004b7d500000) (1024K)]
  0x000001fdc7766560 JavaThread "Unconstrained build operations Thread 27"        [_thread_blocked, id=19232, stack(0x0000004b7d500000,0x0000004b7d600000) (1024K)]
  0x000001fdc7766bf0 JavaThread "Unconstrained build operations Thread 28"        [_thread_blocked, id=17988, stack(0x0000004b7d600000,0x0000004b7d700000) (1024K)]
  0x000001fdc7767fa0 JavaThread "Unconstrained build operations Thread 29"        [_thread_blocked, id=1940, stack(0x0000004b7d700000,0x0000004b7d800000) (1024K)]
  0x000001fdc7769350 JavaThread "build event listener"              [_thread_blocked, id=15440, stack(0x0000004b7d800000,0x0000004b7d900000) (1024K)]
  0x000001fdc8d22a60 JavaThread "build event listener"              [_thread_blocked, id=16488, stack(0x0000004b7d900000,0x0000004b7da00000) (1024K)]
Total: 74

Other Threads:
  0x000001fda4d15ad0 VMThread "VM Thread"                           [id=4412, stack(0x0000004b78e00000,0x0000004b78f00000) (1024K)]
  0x000001fd8e34e8e0 WatcherThread "VM Periodic Task Thread"        [id=8016, stack(0x0000004b78d00000,0x0000004b78e00000) (1024K)]
  0x000001fd8e2c2cd0 WorkerThread "GC Thread#0"                     [id=15480, stack(0x0000004b78800000,0x0000004b78900000) (1024K)]
  0x000001fdc424ecf0 WorkerThread "GC Thread#1"                     [id=12440, stack(0x0000004b79900000,0x0000004b79a00000) (1024K)]
  0x000001fdc424f0a0 WorkerThread "GC Thread#2"                     [id=16184, stack(0x0000004b79a00000,0x0000004b79b00000) (1024K)]
  0x000001fdc4cbe5e0 WorkerThread "GC Thread#3"                     [id=8200, stack(0x0000004b79b00000,0x0000004b79c00000) (1024K)]
  0x000001fd8e2cbcc0 ConcurrentGCThread "G1 Main Marker"            [id=19068, stack(0x0000004b78900000,0x0000004b78a00000) (1024K)]
  0x000001fd8e2cdaf0 WorkerThread "G1 Conc#0"                       [id=5060, stack(0x0000004b78a00000,0x0000004b78b00000) (1024K)]
  0x000001fda4bd10a0 ConcurrentGCThread "G1 Refine#0"               [id=8804, stack(0x0000004b78b00000,0x0000004b78c00000) (1024K)]
  0x000001fd8e345fa0 ConcurrentGCThread "G1 Service"                [id=16680, stack(0x0000004b78c00000,0x0000004b78d00000) (1024K)]
Total: 10

Threads with active compile tasks:
C2 CompilerThread0  149755 13642   !   4       java.lang.ClassLoader::loadClass (121 bytes)
Total: 1

VM state: not at safepoint (normal execution)

VM Mutex/Monitor currently owned by a thread: None

Heap address: 0x00000000c0000000, size: 1024 MB, Compressed Oops mode: 32-bit

CDS archive(s) mapped at: [0x000001fda5000000-0x000001fda5ba0000-0x000001fda5ba0000), size 12189696, SharedBaseAddress: 0x000001fda5000000, ArchiveRelocationMode: 1.
Compressed class space mapped at: 0x000001fda6000000-0x000001fdc0000000, reserved size: 436207616
Narrow klass base: 0x000001fda5000000, Narrow klass shift: 0, Narrow klass range: 0x100000000

GC Precious Log:
 CardTable entry size: 512
 Card Set container configuration: InlinePtr #cards 5 size 8 Array Of Cards #cards 12 size 40 Howl #buckets 4 coarsen threshold 1843 Howl Bitmap #cards 512 size 80 coarsen threshold 460 Card regions per heap region 1 cards per card region 2048
 CPUs: 4 total, 4 available
 Memory: 8123M
 Large Page Support: Disabled
 NUMA Support: Disabled
 Compressed Oops: Enabled (32-bit)
 Heap Region Size: 1M
 Heap Min Capacity: 8M
 Heap Initial Capacity: 128M
 Heap Max Capacity: 1G
 Pre-touch: Disabled
 Parallel Workers: 4
 Concurrent Workers: 1
 Concurrent Refinement Workers: 4
 Periodic GC: Disabled

Heap:
 garbage-first heap   total 245760K, used 201374K [0x00000000c0000000, 0x0000000100000000)
  region size 1024K, 56 young (57344K), 8 survivors (8192K)
 Metaspace       used 129460K, committed 131840K, reserved 557056K
  class space    used 17775K, committed 18944K, reserved 425984K

Heap Regions: E=young(eden), S=young(survivor), O=old, HS=humongous(starts), HC=humongous(continues), CS=collection set, F=free, TAMS=top-at-mark-start, PB=parsable bottom
|   0|0x00000000c0000000, 0x00000000c0100000, 0x00000000c0100000|100%|HS|  |TAMS 0x00000000c0000000| PB 0x00000000c0000000| Complete 
|   1|0x00000000c0100000, 0x00000000c0200000, 0x00000000c0200000|100%|HC|  |TAMS 0x00000000c0100000| PB 0x00000000c0100000| Complete 
|   2|0x00000000c0200000, 0x00000000c0300000, 0x00000000c0300000|100%|HC|  |TAMS 0x00000000c0200000| PB 0x00000000c0200000| Complete 
|   3|0x00000000c0300000, 0x00000000c0400000, 0x00000000c0400000|100%|HC|  |TAMS 0x00000000c0300000| PB 0x00000000c0300000| Complete 
|   4|0x00000000c0400000, 0x00000000c0500000, 0x00000000c0500000|100%| O|  |TAMS 0x00000000c0400000| PB 0x00000000c0400000| Untracked 
|   5|0x00000000c0500000, 0x00000000c0600000, 0x00000000c0600000|100%| O|  |TAMS 0x00000000c0500000| PB 0x00000000c0500000| Untracked 
|   6|0x00000000c0600000, 0x00000000c0700000, 0x00000000c0700000|100%| O|  |TAMS 0x00000000c0600000| PB 0x00000000c0600000| Untracked 
|   7|0x00000000c0700000, 0x00000000c0800000, 0x00000000c0800000|100%| O|  |TAMS 0x00000000c0700000| PB 0x00000000c0700000| Untracked 
|   8|0x00000000c0800000, 0x00000000c0900000, 0x00000000c0900000|100%|HS|  |TAMS 0x00000000c0800000| PB 0x00000000c0800000| Complete 
|   9|0x00000000c0900000, 0x00000000c0a00000, 0x00000000c0a00000|100%| O|  |TAMS 0x00000000c0900000| PB 0x00000000c0900000| Untracked 
|  10|0x00000000c0a00000, 0x00000000c0b00000, 0x00000000c0b00000|100%| O|  |TAMS 0x00000000c0a00000| PB 0x00000000c0a00000| Untracked 
|  11|0x00000000c0b00000, 0x00000000c0c00000, 0x00000000c0c00000|100%| O|  |TAMS 0x00000000c0b00000| PB 0x00000000c0b00000| Untracked 
|  12|0x00000000c0c00000, 0x00000000c0d00000, 0x00000000c0d00000|100%| O|  |TAMS 0x00000000c0c00000| PB 0x00000000c0c00000| Untracked 
|  13|0x00000000c0d00000, 0x00000000c0e00000, 0x00000000c0e00000|100%| O|  |TAMS 0x00000000c0d00000| PB 0x00000000c0d00000| Untracked 
|  14|0x00000000c0e00000, 0x00000000c0f00000, 0x00000000c0f00000|100%| O|  |TAMS 0x00000000c0e00000| PB 0x00000000c0e00000| Untracked 
|  15|0x00000000c0f00000, 0x00000000c1000000, 0x00000000c1000000|100%| O|  |TAMS 0x00000000c0f00000| PB 0x00000000c0f00000| Untracked 
|  16|0x00000000c1000000, 0x00000000c1100000, 0x00000000c1100000|100%| O|  |TAMS 0x00000000c1000000| PB 0x00000000c1000000| Untracked 
|  17|0x00000000c1100000, 0x00000000c1200000, 0x00000000c1200000|100%| O|  |TAMS 0x00000000c1100000| PB 0x00000000c1100000| Untracked 
|  18|0x00000000c1200000, 0x00000000c1300000, 0x00000000c1300000|100%| O|  |TAMS 0x00000000c1200000| PB 0x00000000c1200000| Untracked 
|  19|0x00000000c1300000, 0x00000000c1400000, 0x00000000c1400000|100%| O|  |TAMS 0x00000000c1300000| PB 0x00000000c1300000| Untracked 
|  20|0x00000000c1400000, 0x00000000c1500000, 0x00000000c1500000|100%| O|  |TAMS 0x00000000c1400000| PB 0x00000000c1400000| Untracked 
|  21|0x00000000c1500000, 0x00000000c1600000, 0x00000000c1600000|100%| O|  |TAMS 0x00000000c1500000| PB 0x00000000c1500000| Untracked 
|  22|0x00000000c1600000, 0x00000000c1700000, 0x00000000c1700000|100%| O|  |TAMS 0x00000000c1600000| PB 0x00000000c1600000| Untracked 
|  23|0x00000000c1700000, 0x00000000c1800000, 0x00000000c1800000|100%| O|  |TAMS 0x00000000c1700000| PB 0x00000000c1700000| Untracked 
|  24|0x00000000c1800000, 0x00000000c1900000, 0x00000000c1900000|100%| O|  |TAMS 0x00000000c1800000| PB 0x00000000c1800000| Untracked 
|  25|0x00000000c1900000, 0x00000000c1a00000, 0x00000000c1a00000|100%| O|  |TAMS 0x00000000c1900000| PB 0x00000000c1900000| Untracked 
|  26|0x00000000c1a00000, 0x00000000c1b00000, 0x00000000c1b00000|100%| O|  |TAMS 0x00000000c1a00000| PB 0x00000000c1a00000| Untracked 
|  27|0x00000000c1b00000, 0x00000000c1c00000, 0x00000000c1c00000|100%| O|  |TAMS 0x00000000c1b00000| PB 0x00000000c1b00000| Untracked 
|  28|0x00000000c1c00000, 0x00000000c1d00000, 0x00000000c1d00000|100%| O|  |TAMS 0x00000000c1c00000| PB 0x00000000c1c00000| Untracked 
|  29|0x00000000c1d00000, 0x00000000c1e00000, 0x00000000c1e00000|100%| O|  |TAMS 0x00000000c1d00000| PB 0x00000000c1d00000| Untracked 
|  30|0x00000000c1e00000, 0x00000000c1f00000, 0x00000000c1f00000|100%| O|  |TAMS 0x00000000c1e00000| PB 0x00000000c1e00000| Untracked 
|  31|0x00000000c1f00000, 0x00000000c2000000, 0x00000000c2000000|100%| O|  |TAMS 0x00000000c1f00000| PB 0x00000000c1f00000| Untracked 
|  32|0x00000000c2000000, 0x00000000c2100000, 0x00000000c2100000|100%| O|  |TAMS 0x00000000c2000000| PB 0x00000000c2000000| Untracked 
|  33|0x00000000c2100000, 0x00000000c2200000, 0x00000000c2200000|100%|HS|  |TAMS 0x00000000c2100000| PB 0x00000000c2100000| Complete 
|  34|0x00000000c2200000, 0x00000000c2300000, 0x00000000c2300000|100%| O|  |TAMS 0x00000000c2200000| PB 0x00000000c2200000| Untracked 
|  35|0x00000000c2300000, 0x00000000c2400000, 0x00000000c2400000|100%|HS|  |TAMS 0x00000000c2300000| PB 0x00000000c2300000| Complete 
|  36|0x00000000c2400000, 0x00000000c2500000, 0x00000000c2500000|100%|HC|  |TAMS 0x00000000c2400000| PB 0x00000000c2400000| Complete 
|  37|0x00000000c2500000, 0x00000000c2600000, 0x00000000c2600000|100%| O|  |TAMS 0x00000000c2500000| PB 0x00000000c2500000| Untracked 
|  38|0x00000000c2600000, 0x00000000c2700000, 0x00000000c2700000|100%| O|  |TAMS 0x00000000c2600000| PB 0x00000000c2600000| Untracked 
|  39|0x00000000c2700000, 0x00000000c2800000, 0x00000000c2800000|100%|HS|  |TAMS 0x00000000c2700000| PB 0x00000000c2700000| Complete 
|  40|0x00000000c2800000, 0x00000000c2900000, 0x00000000c2900000|100%|HC|  |TAMS 0x00000000c2800000| PB 0x00000000c2800000| Complete 
|  41|0x00000000c2900000, 0x00000000c2a00000, 0x00000000c2a00000|100%| O|  |TAMS 0x00000000c2900000| PB 0x00000000c2900000| Untracked 
|  42|0x00000000c2a00000, 0x00000000c2b00000, 0x00000000c2b00000|100%| O|  |TAMS 0x00000000c2a00000| PB 0x00000000c2a00000| Untracked 
|  43|0x00000000c2b00000, 0x00000000c2c00000, 0x00000000c2c00000|100%| O|  |TAMS 0x00000000c2b00000| PB 0x00000000c2b00000| Untracked 
|  44|0x00000000c2c00000, 0x00000000c2d00000, 0x00000000c2d00000|100%| O|  |TAMS 0x00000000c2c00000| PB 0x00000000c2c00000| Untracked 
|  45|0x00000000c2d00000, 0x00000000c2e00000, 0x00000000c2e00000|100%| O|  |TAMS 0x00000000c2d00000| PB 0x00000000c2d00000| Untracked 
|  46|0x00000000c2e00000, 0x00000000c2f00000, 0x00000000c2f00000|100%| O|  |TAMS 0x00000000c2e00000| PB 0x00000000c2e00000| Untracked 
|  47|0x00000000c2f00000, 0x00000000c3000000, 0x00000000c3000000|100%| O|  |TAMS 0x00000000c2f00000| PB 0x00000000c2f00000| Untracked 
|  48|0x00000000c3000000, 0x00000000c3100000, 0x00000000c3100000|100%| O|  |TAMS 0x00000000c3000000| PB 0x00000000c3000000| Untracked 
|  49|0x00000000c3100000, 0x00000000c3200000, 0x00000000c3200000|100%| O|  |TAMS 0x00000000c3100000| PB 0x00000000c3100000| Untracked 
|  50|0x00000000c3200000, 0x00000000c3300000, 0x00000000c3300000|100%| O|  |TAMS 0x00000000c3200000| PB 0x00000000c3200000| Untracked 
|  51|0x00000000c3300000, 0x00000000c3400000, 0x00000000c3400000|100%| O|  |TAMS 0x00000000c3300000| PB 0x00000000c3300000| Untracked 
|  52|0x00000000c3400000, 0x00000000c3500000, 0x00000000c3500000|100%| O|  |TAMS 0x00000000c3400000| PB 0x00000000c3400000| Untracked 
|  53|0x00000000c3500000, 0x00000000c3600000, 0x00000000c3600000|100%| O|  |TAMS 0x00000000c3500000| PB 0x00000000c3500000| Untracked 
|  54|0x00000000c3600000, 0x00000000c3700000, 0x00000000c3700000|100%| O|  |TAMS 0x00000000c3600000| PB 0x00000000c3600000| Untracked 
|  55|0x00000000c3700000, 0x00000000c3800000, 0x00000000c3800000|100%|HS|  |TAMS 0x00000000c3700000| PB 0x00000000c3700000| Complete 
|  56|0x00000000c3800000, 0x00000000c3900000, 0x00000000c3900000|100%| O|  |TAMS 0x00000000c3800000| PB 0x00000000c3800000| Untracked 
|  57|0x00000000c3900000, 0x00000000c3a00000, 0x00000000c3a00000|100%| O|  |TAMS 0x00000000c3900000| PB 0x00000000c3900000| Untracked 
|  58|0x00000000c3a00000, 0x00000000c3b00000, 0x00000000c3b00000|100%| O|  |TAMS 0x00000000c3a00000| PB 0x00000000c3a00000| Untracked 
|  59|0x00000000c3b00000, 0x00000000c3c00000, 0x00000000c3c00000|100%|HS|  |TAMS 0x00000000c3b00000| PB 0x00000000c3b00000| Complete 
|  60|0x00000000c3c00000, 0x00000000c3d00000, 0x00000000c3d00000|100%|HS|  |TAMS 0x00000000c3c00000| PB 0x00000000c3c00000| Complete 
|  61|0x00000000c3d00000, 0x00000000c3e00000, 0x00000000c3e00000|100%|HS|  |TAMS 0x00000000c3d00000| PB 0x00000000c3d00000| Complete 
|  62|0x00000000c3e00000, 0x00000000c3f00000, 0x00000000c3f00000|100%|HC|  |TAMS 0x00000000c3e00000| PB 0x00000000c3e00000| Complete 
|  63|0x00000000c3f00000, 0x00000000c4000000, 0x00000000c4000000|100%|HS|  |TAMS 0x00000000c3f00000| PB 0x00000000c3f00000| Complete 
|  64|0x00000000c4000000, 0x00000000c4100000, 0x00000000c4100000|100%| O|  |TAMS 0x00000000c4000000| PB 0x00000000c4000000| Untracked 
|  65|0x00000000c4100000, 0x00000000c4200000, 0x00000000c4200000|100%| O|  |TAMS 0x00000000c4100000| PB 0x00000000c4100000| Untracked 
|  66|0x00000000c4200000, 0x00000000c4300000, 0x00000000c4300000|100%| O|  |TAMS 0x00000000c4200000| PB 0x00000000c4200000| Untracked 
|  67|0x00000000c4300000, 0x00000000c4400000, 0x00000000c4400000|100%| O|  |TAMS 0x00000000c4300000| PB 0x00000000c4300000| Untracked 
|  68|0x00000000c4400000, 0x00000000c4500000, 0x00000000c4500000|100%|HS|  |TAMS 0x00000000c4400000| PB 0x00000000c4400000| Complete 
|  69|0x00000000c4500000, 0x00000000c4600000, 0x00000000c4600000|100%| O|  |TAMS 0x00000000c4500000| PB 0x00000000c4500000| Untracked 
|  70|0x00000000c4600000, 0x00000000c4700000, 0x00000000c4700000|100%| O|  |TAMS 0x00000000c4600000| PB 0x00000000c4600000| Untracked 
|  71|0x00000000c4700000, 0x00000000c4800000, 0x00000000c4800000|100%| O|  |TAMS 0x00000000c4700000| PB 0x00000000c4700000| Untracked 
|  72|0x00000000c4800000, 0x00000000c4900000, 0x00000000c4900000|100%| O|  |TAMS 0x00000000c4800000| PB 0x00000000c4800000| Untracked 
|  73|0x00000000c4900000, 0x00000000c4a00000, 0x00000000c4a00000|100%| O|  |TAMS 0x00000000c4900000| PB 0x00000000c4900000| Untracked 
|  74|0x00000000c4a00000, 0x00000000c4b00000, 0x00000000c4b00000|100%| O|  |TAMS 0x00000000c4a00000| PB 0x00000000c4a00000| Untracked 
|  75|0x00000000c4b00000, 0x00000000c4c00000, 0x00000000c4c00000|100%| O|  |TAMS 0x00000000c4b00000| PB 0x00000000c4b00000| Untracked 
|  76|0x00000000c4c00000, 0x00000000c4d00000, 0x00000000c4d00000|100%| O|  |TAMS 0x00000000c4c00000| PB 0x00000000c4c00000| Untracked 
|  77|0x00000000c4d00000, 0x00000000c4e00000, 0x00000000c4e00000|100%| O|  |TAMS 0x00000000c4d00000| PB 0x00000000c4d00000| Untracked 
|  78|0x00000000c4e00000, 0x00000000c4f00000, 0x00000000c4f00000|100%| O|  |TAMS 0x00000000c4e00000| PB 0x00000000c4e00000| Untracked 
|  79|0x00000000c4f00000, 0x00000000c5000000, 0x00000000c5000000|100%| O|  |TAMS 0x00000000c4f00000| PB 0x00000000c4f00000| Untracked 
|  80|0x00000000c5000000, 0x00000000c5100000, 0x00000000c5100000|100%|HS|  |TAMS 0x00000000c5000000| PB 0x00000000c5000000| Complete 
|  81|0x00000000c5100000, 0x00000000c5200000, 0x00000000c5200000|100%| O|  |TAMS 0x00000000c5100000| PB 0x00000000c5100000| Untracked 
|  82|0x00000000c5200000, 0x00000000c5300000, 0x00000000c5300000|100%| O|  |TAMS 0x00000000c5200000| PB 0x00000000c5200000| Untracked 
|  83|0x00000000c5300000, 0x00000000c5400000, 0x00000000c5400000|100%| O|  |TAMS 0x00000000c5300000| PB 0x00000000c5300000| Untracked 
|  84|0x00000000c5400000, 0x00000000c5500000, 0x00000000c5500000|100%| O|  |TAMS 0x00000000c5400000| PB 0x00000000c5400000| Untracked 
|  85|0x00000000c5500000, 0x00000000c5600000, 0x00000000c5600000|100%|HS|  |TAMS 0x00000000c5500000| PB 0x00000000c5500000| Complete 
|  86|0x00000000c5600000, 0x00000000c5700000, 0x00000000c5700000|100%|HC|  |TAMS 0x00000000c5600000| PB 0x00000000c5600000| Complete 
|  87|0x00000000c5700000, 0x00000000c5800000, 0x00000000c5800000|100%| O|  |TAMS 0x00000000c5700000| PB 0x00000000c5700000| Untracked 
|  88|0x00000000c5800000, 0x00000000c5900000, 0x00000000c5900000|100%| O|  |TAMS 0x00000000c5800000| PB 0x00000000c5800000| Untracked 
|  89|0x00000000c5900000, 0x00000000c5a00000, 0x00000000c5a00000|100%| O|  |TAMS 0x00000000c5900000| PB 0x00000000c5900000| Untracked 
|  90|0x00000000c5a00000, 0x00000000c5b00000, 0x00000000c5b00000|100%| O|  |TAMS 0x00000000c5a00000| PB 0x00000000c5a00000| Untracked 
|  91|0x00000000c5b00000, 0x00000000c5c00000, 0x00000000c5c00000|100%| O|  |TAMS 0x00000000c5b00000| PB 0x00000000c5b00000| Untracked 
|  92|0x00000000c5c00000, 0x00000000c5d00000, 0x00000000c5d00000|100%| O|  |TAMS 0x00000000c5c00000| PB 0x00000000c5c00000| Untracked 
|  93|0x00000000c5d00000, 0x00000000c5e00000, 0x00000000c5e00000|100%| O|  |TAMS 0x00000000c5d00000| PB 0x00000000c5d00000| Untracked 
|  94|0x00000000c5e00000, 0x00000000c5f00000, 0x00000000c5f00000|100%| O|  |TAMS 0x00000000c5e00000| PB 0x00000000c5e00000| Untracked 
|  95|0x00000000c5f00000, 0x00000000c6000000, 0x00000000c6000000|100%| O|  |TAMS 0x00000000c5f00000| PB 0x00000000c5f00000| Untracked 
|  96|0x00000000c6000000, 0x00000000c6100000, 0x00000000c6100000|100%| O|  |TAMS 0x00000000c6000000| PB 0x00000000c6000000| Untracked 
|  97|0x00000000c6100000, 0x00000000c6200000, 0x00000000c6200000|100%| O|  |TAMS 0x00000000c6100000| PB 0x00000000c6100000| Untracked 
|  98|0x00000000c6200000, 0x00000000c6300000, 0x00000000c6300000|100%| O|  |TAMS 0x00000000c6200000| PB 0x00000000c6200000| Untracked 
|  99|0x00000000c6300000, 0x00000000c6400000, 0x00000000c6400000|100%| O|  |TAMS 0x00000000c6300000| PB 0x00000000c6300000| Untracked 
| 100|0x00000000c6400000, 0x00000000c6500000, 0x00000000c6500000|100%| O|  |TAMS 0x00000000c6400000| PB 0x00000000c6400000| Untracked 
| 101|0x00000000c6500000, 0x00000000c6600000, 0x00000000c6600000|100%| O|  |TAMS 0x00000000c6500000| PB 0x00000000c6500000| Untracked 
| 102|0x00000000c6600000, 0x00000000c6700000, 0x00000000c6700000|100%|HS|  |TAMS 0x00000000c6600000| PB 0x00000000c6600000| Complete 
| 103|0x00000000c6700000, 0x00000000c6800000, 0x00000000c6800000|100%| O|  |TAMS 0x00000000c6700000| PB 0x00000000c6700000| Untracked 
| 104|0x00000000c6800000, 0x00000000c6900000, 0x00000000c6900000|100%| O|  |TAMS 0x00000000c6800000| PB 0x00000000c6800000| Untracked 
| 105|0x00000000c6900000, 0x00000000c6a00000, 0x00000000c6a00000|100%| O|  |TAMS 0x00000000c6900000| PB 0x00000000c6900000| Untracked 
| 106|0x00000000c6a00000, 0x00000000c6b00000, 0x00000000c6b00000|100%| O|  |TAMS 0x00000000c6a00000| PB 0x00000000c6a00000| Untracked 
| 107|0x00000000c6b00000, 0x00000000c6c00000, 0x00000000c6c00000|100%| O|  |TAMS 0x00000000c6b00000| PB 0x00000000c6b00000| Untracked 
| 108|0x00000000c6c00000, 0x00000000c6d00000, 0x00000000c6d00000|100%| O|  |TAMS 0x00000000c6c00000| PB 0x00000000c6c00000| Untracked 
| 109|0x00000000c6d00000, 0x00000000c6e00000, 0x00000000c6e00000|100%| O|  |TAMS 0x00000000c6d00000| PB 0x00000000c6d00000| Untracked 
| 110|0x00000000c6e00000, 0x00000000c6f00000, 0x00000000c6f00000|100%| O|  |TAMS 0x00000000c6e00000| PB 0x00000000c6e00000| Untracked 
| 111|0x00000000c6f00000, 0x00000000c7000000, 0x00000000c7000000|100%| O|  |TAMS 0x00000000c6f00000| PB 0x00000000c6f00000| Untracked 
| 112|0x00000000c7000000, 0x00000000c7100000, 0x00000000c7100000|100%| O|  |TAMS 0x00000000c7000000| PB 0x00000000c7000000| Untracked 
| 113|0x00000000c7100000, 0x00000000c7200000, 0x00000000c7200000|100%| O|  |TAMS 0x00000000c7100000| PB 0x00000000c7100000| Untracked 
| 114|0x00000000c7200000, 0x00000000c7300000, 0x00000000c7300000|100%| O|  |TAMS 0x00000000c7200000| PB 0x00000000c7200000| Untracked 
| 115|0x00000000c7300000, 0x00000000c7400000, 0x00000000c7400000|100%| O|  |TAMS 0x00000000c7300000| PB 0x00000000c7300000| Untracked 
| 116|0x00000000c7400000, 0x00000000c7500000, 0x00000000c7500000|100%| O|  |TAMS 0x00000000c7400000| PB 0x00000000c7400000| Untracked 
| 117|0x00000000c7500000, 0x00000000c7600000, 0x00000000c7600000|100%| O|  |TAMS 0x00000000c7500000| PB 0x00000000c7500000| Untracked 
| 118|0x00000000c7600000, 0x00000000c7700000, 0x00000000c7700000|100%| O|  |TAMS 0x00000000c7600000| PB 0x00000000c7600000| Untracked 
| 119|0x00000000c7700000, 0x00000000c7800000, 0x00000000c7800000|100%| O|  |TAMS 0x00000000c7700000| PB 0x00000000c7700000| Untracked 
| 120|0x00000000c7800000, 0x00000000c7900000, 0x00000000c7900000|100%| O|  |TAMS 0x00000000c7800000| PB 0x00000000c7800000| Untracked 
| 121|0x00000000c7900000, 0x00000000c7900000, 0x00000000c7a00000|  0%| F|  |TAMS 0x00000000c7900000| PB 0x00000000c7900000| Untracked 
| 122|0x00000000c7a00000, 0x00000000c7b00000, 0x00000000c7b00000|100%| O|  |TAMS 0x00000000c7a00000| PB 0x00000000c7a00000| Untracked 
| 123|0x00000000c7b00000, 0x00000000c7c00000, 0x00000000c7c00000|100%| O|  |TAMS 0x00000000c7b00000| PB 0x00000000c7b00000| Untracked 
| 124|0x00000000c7c00000, 0x00000000c7d00000, 0x00000000c7d00000|100%| O|  |TAMS 0x00000000c7c00000| PB 0x00000000c7c00000| Untracked 
| 125|0x00000000c7d00000, 0x00000000c7e00000, 0x00000000c7e00000|100%| O|  |TAMS 0x00000000c7d00000| PB 0x00000000c7d00000| Untracked 
| 126|0x00000000c7e00000, 0x00000000c7f00000, 0x00000000c7f00000|100%| O|  |TAMS 0x00000000c7e00000| PB 0x00000000c7e00000| Untracked 
| 127|0x00000000c7f00000, 0x00000000c7f00000, 0x00000000c8000000|  0%| F|  |TAMS 0x00000000c7f00000| PB 0x00000000c7f00000| Untracked 
| 128|0x00000000c8000000, 0x00000000c8100000, 0x00000000c8100000|100%| O|  |TAMS 0x00000000c8000000| PB 0x00000000c8000000| Untracked 
| 129|0x00000000c8100000, 0x00000000c8200000, 0x00000000c8200000|100%| O|  |TAMS 0x00000000c8100000| PB 0x00000000c8100000| Untracked 
| 130|0x00000000c8200000, 0x00000000c8300000, 0x00000000c8300000|100%| O|  |TAMS 0x00000000c8200000| PB 0x00000000c8200000| Untracked 
| 131|0x00000000c8300000, 0x00000000c8400000, 0x00000000c8400000|100%| O|  |TAMS 0x00000000c8300000| PB 0x00000000c8300000| Untracked 
| 132|0x00000000c8400000, 0x00000000c8400000, 0x00000000c8500000|  0%| F|  |TAMS 0x00000000c8400000| PB 0x00000000c8400000| Untracked 
| 133|0x00000000c8500000, 0x00000000c8600000, 0x00000000c8600000|100%| O|  |TAMS 0x00000000c8500000| PB 0x00000000c8500000| Untracked 
| 134|0x00000000c8600000, 0x00000000c8700000, 0x00000000c8700000|100%| O|  |TAMS 0x00000000c8600000| PB 0x00000000c8600000| Untracked 
| 135|0x00000000c8700000, 0x00000000c8800000, 0x00000000c8800000|100%| O|  |TAMS 0x00000000c8700000| PB 0x00000000c8700000| Untracked 
| 136|0x00000000c8800000, 0x00000000c8900000, 0x00000000c8900000|100%| O|  |TAMS 0x00000000c8800000| PB 0x00000000c8800000| Untracked 
| 137|0x00000000c8900000, 0x00000000c8a00000, 0x00000000c8a00000|100%| O|  |TAMS 0x00000000c8900000| PB 0x00000000c8900000| Untracked 
| 138|0x00000000c8a00000, 0x00000000c8a70fd0, 0x00000000c8b00000| 44%| O|  |TAMS 0x00000000c8a00000| PB 0x00000000c8a00000| Untracked 
| 139|0x00000000c8b00000, 0x00000000c8b00000, 0x00000000c8c00000|  0%| F|  |TAMS 0x00000000c8b00000| PB 0x00000000c8b00000| Untracked 
| 140|0x00000000c8c00000, 0x00000000c8c00000, 0x00000000c8d00000|  0%| F|  |TAMS 0x00000000c8c00000| PB 0x00000000c8c00000| Untracked 
| 141|0x00000000c8d00000, 0x00000000c8d00000, 0x00000000c8e00000|  0%| F|  |TAMS 0x00000000c8d00000| PB 0x00000000c8d00000| Untracked 
| 142|0x00000000c8e00000, 0x00000000c8e00000, 0x00000000c8f00000|  0%| F|  |TAMS 0x00000000c8e00000| PB 0x00000000c8e00000| Untracked 
| 143|0x00000000c8f00000, 0x00000000c8f00000, 0x00000000c9000000|  0%| F|  |TAMS 0x00000000c8f00000| PB 0x00000000c8f00000| Untracked 
| 144|0x00000000c9000000, 0x00000000c9000000, 0x00000000c9100000|  0%| F|  |TAMS 0x00000000c9000000| PB 0x00000000c9000000| Untracked 
| 145|0x00000000c9100000, 0x00000000c9100000, 0x00000000c9200000|  0%| F|  |TAMS 0x00000000c9100000| PB 0x00000000c9100000| Untracked 
| 146|0x00000000c9200000, 0x00000000c9200000, 0x00000000c9300000|  0%| F|  |TAMS 0x00000000c9200000| PB 0x00000000c9200000| Untracked 
| 147|0x00000000c9300000, 0x00000000c9300000, 0x00000000c9400000|  0%| F|  |TAMS 0x00000000c9300000| PB 0x00000000c9300000| Untracked 
| 148|0x00000000c9400000, 0x00000000c9400000, 0x00000000c9500000|  0%| F|  |TAMS 0x00000000c9400000| PB 0x00000000c9400000| Untracked 
| 149|0x00000000c9500000, 0x00000000c9500000, 0x00000000c9600000|  0%| F|  |TAMS 0x00000000c9500000| PB 0x00000000c9500000| Untracked 
| 150|0x00000000c9600000, 0x00000000c9600000, 0x00000000c9700000|  0%| F|  |TAMS 0x00000000c9600000| PB 0x00000000c9600000| Untracked 
| 151|0x00000000c9700000, 0x00000000c9700000, 0x00000000c9800000|  0%| F|  |TAMS 0x00000000c9700000| PB 0x00000000c9700000| Untracked 
| 152|0x00000000c9800000, 0x00000000c9800000, 0x00000000c9900000|  0%| F|  |TAMS 0x00000000c9800000| PB 0x00000000c9800000| Untracked 
| 153|0x00000000c9900000, 0x00000000c9900000, 0x00000000c9a00000|  0%| F|  |TAMS 0x00000000c9900000| PB 0x00000000c9900000| Untracked 
| 154|0x00000000c9a00000, 0x00000000c9a00000, 0x00000000c9b00000|  0%| F|  |TAMS 0x00000000c9a00000| PB 0x00000000c9a00000| Untracked 
| 155|0x00000000c9b00000, 0x00000000c9b00000, 0x00000000c9c00000|  0%| F|  |TAMS 0x00000000c9b00000| PB 0x00000000c9b00000| Untracked 
| 156|0x00000000c9c00000, 0x00000000c9c00000, 0x00000000c9d00000|  0%| F|  |TAMS 0x00000000c9c00000| PB 0x00000000c9c00000| Untracked 
| 157|0x00000000c9d00000, 0x00000000c9d00000, 0x00000000c9e00000|  0%| F|  |TAMS 0x00000000c9d00000| PB 0x00000000c9d00000| Untracked 
| 158|0x00000000c9e00000, 0x00000000c9e00000, 0x00000000c9f00000|  0%| F|  |TAMS 0x00000000c9e00000| PB 0x00000000c9e00000| Untracked 
| 159|0x00000000c9f00000, 0x00000000c9f00000, 0x00000000ca000000|  0%| F|  |TAMS 0x00000000c9f00000| PB 0x00000000c9f00000| Untracked 
| 160|0x00000000ca000000, 0x00000000ca000000, 0x00000000ca100000|  0%| F|  |TAMS 0x00000000ca000000| PB 0x00000000ca000000| Untracked 
| 161|0x00000000ca100000, 0x00000000ca1368e0, 0x00000000ca200000| 21%| S|CS|TAMS 0x00000000ca100000| PB 0x00000000ca100000| Complete 
| 162|0x00000000ca200000, 0x00000000ca300000, 0x00000000ca300000|100%| S|CS|TAMS 0x00000000ca200000| PB 0x00000000ca200000| Complete 
| 163|0x00000000ca300000, 0x00000000ca400000, 0x00000000ca400000|100%| S|CS|TAMS 0x00000000ca300000| PB 0x00000000ca300000| Complete 
| 164|0x00000000ca400000, 0x00000000ca500000, 0x00000000ca500000|100%| S|CS|TAMS 0x00000000ca400000| PB 0x00000000ca400000| Complete 
| 165|0x00000000ca500000, 0x00000000ca600000, 0x00000000ca600000|100%| S|CS|TAMS 0x00000000ca500000| PB 0x00000000ca500000| Complete 
| 166|0x00000000ca600000, 0x00000000ca700000, 0x00000000ca700000|100%| S|CS|TAMS 0x00000000ca600000| PB 0x00000000ca600000| Complete 
| 167|0x00000000ca700000, 0x00000000ca800000, 0x00000000ca800000|100%| S|CS|TAMS 0x00000000ca700000| PB 0x00000000ca700000| Complete 
| 168|0x00000000ca800000, 0x00000000ca900000, 0x00000000ca900000|100%| S|CS|TAMS 0x00000000ca800000| PB 0x00000000ca800000| Complete 
| 169|0x00000000ca900000, 0x00000000ca900000, 0x00000000caa00000|  0%| F|  |TAMS 0x00000000ca900000| PB 0x00000000ca900000| Untracked 
| 170|0x00000000caa00000, 0x00000000caa00000, 0x00000000cab00000|  0%| F|  |TAMS 0x00000000caa00000| PB 0x00000000caa00000| Untracked 
| 171|0x00000000cab00000, 0x00000000cab00000, 0x00000000cac00000|  0%| F|  |TAMS 0x00000000cab00000| PB 0x00000000cab00000| Untracked 
| 172|0x00000000cac00000, 0x00000000cac00000, 0x00000000cad00000|  0%| F|  |TAMS 0x00000000cac00000| PB 0x00000000cac00000| Untracked 
| 173|0x00000000cad00000, 0x00000000cad00000, 0x00000000cae00000|  0%| F|  |TAMS 0x00000000cad00000| PB 0x00000000cad00000| Untracked 
| 174|0x00000000cae00000, 0x00000000cae00000, 0x00000000caf00000|  0%| F|  |TAMS 0x00000000cae00000| PB 0x00000000cae00000| Untracked 
| 175|0x00000000caf00000, 0x00000000caf00000, 0x00000000cb000000|  0%| F|  |TAMS 0x00000000caf00000| PB 0x00000000caf00000| Untracked 
| 176|0x00000000cb000000, 0x00000000cb000000, 0x00000000cb100000|  0%| F|  |TAMS 0x00000000cb000000| PB 0x00000000cb000000| Untracked 
| 177|0x00000000cb100000, 0x00000000cb100000, 0x00000000cb200000|  0%| F|  |TAMS 0x00000000cb100000| PB 0x00000000cb100000| Untracked 
| 178|0x00000000cb200000, 0x00000000cb200000, 0x00000000cb300000|  0%| F|  |TAMS 0x00000000cb200000| PB 0x00000000cb200000| Untracked 
| 179|0x00000000cb300000, 0x00000000cb300000, 0x00000000cb400000|  0%| F|  |TAMS 0x00000000cb300000| PB 0x00000000cb300000| Untracked 
| 180|0x00000000cb400000, 0x00000000cb400000, 0x00000000cb500000|  0%| F|  |TAMS 0x00000000cb400000| PB 0x00000000cb400000| Untracked 
| 181|0x00000000cb500000, 0x00000000cb500000, 0x00000000cb600000|  0%| F|  |TAMS 0x00000000cb500000| PB 0x00000000cb500000| Untracked 
| 182|0x00000000cb600000, 0x00000000cb600000, 0x00000000cb700000|  0%| F|  |TAMS 0x00000000cb600000| PB 0x00000000cb600000| Untracked 
| 183|0x00000000cb700000, 0x00000000cb700000, 0x00000000cb800000|  0%| F|  |TAMS 0x00000000cb700000| PB 0x00000000cb700000| Untracked 
| 184|0x00000000cb800000, 0x00000000cb800000, 0x00000000cb900000|  0%| F|  |TAMS 0x00000000cb800000| PB 0x00000000cb800000| Untracked 
| 185|0x00000000cb900000, 0x00000000cb980000, 0x00000000cba00000| 50%| E|  |TAMS 0x00000000cb900000| PB 0x00000000cb900000| Complete 
| 186|0x00000000cba00000, 0x00000000cbb00000, 0x00000000cbb00000|100%| E|CS|TAMS 0x00000000cba00000| PB 0x00000000cba00000| Complete 
| 187|0x00000000cbb00000, 0x00000000cbc00000, 0x00000000cbc00000|100%| E|CS|TAMS 0x00000000cbb00000| PB 0x00000000cbb00000| Complete 
| 188|0x00000000cbc00000, 0x00000000cbd00000, 0x00000000cbd00000|100%| E|CS|TAMS 0x00000000cbc00000| PB 0x00000000cbc00000| Complete 
| 189|0x00000000cbd00000, 0x00000000cbe00000, 0x00000000cbe00000|100%| E|CS|TAMS 0x00000000cbd00000| PB 0x00000000cbd00000| Complete 
| 190|0x00000000cbe00000, 0x00000000cbf00000, 0x00000000cbf00000|100%| E|CS|TAMS 0x00000000cbe00000| PB 0x00000000cbe00000| Complete 
| 191|0x00000000cbf00000, 0x00000000cc000000, 0x00000000cc000000|100%| E|CS|TAMS 0x00000000cbf00000| PB 0x00000000cbf00000| Complete 
| 192|0x00000000cc000000, 0x00000000cc100000, 0x00000000cc100000|100%| E|CS|TAMS 0x00000000cc000000| PB 0x00000000cc000000| Complete 
| 193|0x00000000cc100000, 0x00000000cc200000, 0x00000000cc200000|100%| E|CS|TAMS 0x00000000cc100000| PB 0x00000000cc100000| Complete 
| 194|0x00000000cc200000, 0x00000000cc300000, 0x00000000cc300000|100%| E|CS|TAMS 0x00000000cc200000| PB 0x00000000cc200000| Complete 
| 195|0x00000000cc300000, 0x00000000cc400000, 0x00000000cc400000|100%| E|CS|TAMS 0x00000000cc300000| PB 0x00000000cc300000| Complete 
| 196|0x00000000cc400000, 0x00000000cc500000, 0x00000000cc500000|100%| E|CS|TAMS 0x00000000cc400000| PB 0x00000000cc400000| Complete 
| 197|0x00000000cc500000, 0x00000000cc600000, 0x00000000cc600000|100%| E|CS|TAMS 0x00000000cc500000| PB 0x00000000cc500000| Complete 
| 198|0x00000000cc600000, 0x00000000cc700000, 0x00000000cc700000|100%| E|CS|TAMS 0x00000000cc600000| PB 0x00000000cc600000| Complete 
| 199|0x00000000cc700000, 0x00000000cc800000, 0x00000000cc800000|100%| E|CS|TAMS 0x00000000cc700000| PB 0x00000000cc700000| Complete 
| 200|0x00000000cc800000, 0x00000000cc900000, 0x00000000cc900000|100%| E|CS|TAMS 0x00000000cc800000| PB 0x00000000cc800000| Complete 
| 201|0x00000000cc900000, 0x00000000cca00000, 0x00000000cca00000|100%| E|CS|TAMS 0x00000000cc900000| PB 0x00000000cc900000| Complete 
| 202|0x00000000cca00000, 0x00000000ccb00000, 0x00000000ccb00000|100%| E|CS|TAMS 0x00000000cca00000| PB 0x00000000cca00000| Complete 
| 203|0x00000000ccb00000, 0x00000000ccc00000, 0x00000000ccc00000|100%| E|CS|TAMS 0x00000000ccb00000| PB 0x00000000ccb00000| Complete 
| 204|0x00000000ccc00000, 0x00000000ccd00000, 0x00000000ccd00000|100%| E|CS|TAMS 0x00000000ccc00000| PB 0x00000000ccc00000| Complete 
| 205|0x00000000ccd00000, 0x00000000cce00000, 0x00000000cce00000|100%| E|CS|TAMS 0x00000000ccd00000| PB 0x00000000ccd00000| Complete 
| 206|0x00000000cce00000, 0x00000000ccf00000, 0x00000000ccf00000|100%| E|CS|TAMS 0x00000000cce00000| PB 0x00000000cce00000| Complete 
| 207|0x00000000ccf00000, 0x00000000cd000000, 0x00000000cd000000|100%| E|CS|TAMS 0x00000000ccf00000| PB 0x00000000ccf00000| Complete 
| 208|0x00000000cd000000, 0x00000000cd100000, 0x00000000cd100000|100%| E|CS|TAMS 0x00000000cd000000| PB 0x00000000cd000000| Complete 
| 209|0x00000000cd100000, 0x00000000cd200000, 0x00000000cd200000|100%| E|CS|TAMS 0x00000000cd100000| PB 0x00000000cd100000| Complete 
| 210|0x00000000cd200000, 0x00000000cd300000, 0x00000000cd300000|100%| E|CS|TAMS 0x00000000cd200000| PB 0x00000000cd200000| Complete 
| 211|0x00000000cd300000, 0x00000000cd400000, 0x00000000cd400000|100%| E|CS|TAMS 0x00000000cd300000| PB 0x00000000cd300000| Complete 
| 212|0x00000000cd400000, 0x00000000cd500000, 0x00000000cd500000|100%| E|CS|TAMS 0x00000000cd400000| PB 0x00000000cd400000| Complete 
| 213|0x00000000cd500000, 0x00000000cd600000, 0x00000000cd600000|100%| E|CS|TAMS 0x00000000cd500000| PB 0x00000000cd500000| Complete 
| 214|0x00000000cd600000, 0x00000000cd700000, 0x00000000cd700000|100%| E|CS|TAMS 0x00000000cd600000| PB 0x00000000cd600000| Complete 
| 215|0x00000000cd700000, 0x00000000cd800000, 0x00000000cd800000|100%| E|CS|TAMS 0x00000000cd700000| PB 0x00000000cd700000| Complete 
| 216|0x00000000cd800000, 0x00000000cd900000, 0x00000000cd900000|100%| E|CS|TAMS 0x00000000cd800000| PB 0x00000000cd800000| Complete 
| 217|0x00000000cd900000, 0x00000000cda00000, 0x00000000cda00000|100%| E|CS|TAMS 0x00000000cd900000| PB 0x00000000cd900000| Complete 
| 218|0x00000000cda00000, 0x00000000cdb00000, 0x00000000cdb00000|100%| E|CS|TAMS 0x00000000cda00000| PB 0x00000000cda00000| Complete 
| 219|0x00000000cdb00000, 0x00000000cdc00000, 0x00000000cdc00000|100%| E|CS|TAMS 0x00000000cdb00000| PB 0x00000000cdb00000| Complete 
| 220|0x00000000cdc00000, 0x00000000cdd00000, 0x00000000cdd00000|100%| E|CS|TAMS 0x00000000cdc00000| PB 0x00000000cdc00000| Complete 
| 221|0x00000000cdd00000, 0x00000000cde00000, 0x00000000cde00000|100%| E|CS|TAMS 0x00000000cdd00000| PB 0x00000000cdd00000| Complete 
| 222|0x00000000cde00000, 0x00000000cdf00000, 0x00000000cdf00000|100%| E|CS|TAMS 0x00000000cde00000| PB 0x00000000cde00000| Complete 
| 223|0x00000000cdf00000, 0x00000000ce000000, 0x00000000ce000000|100%| E|CS|TAMS 0x00000000cdf00000| PB 0x00000000cdf00000| Complete 
| 224|0x00000000ce000000, 0x00000000ce100000, 0x00000000ce100000|100%| E|CS|TAMS 0x00000000ce000000| PB 0x00000000ce000000| Complete 
| 225|0x00000000ce100000, 0x00000000ce200000, 0x00000000ce200000|100%| E|CS|TAMS 0x00000000ce100000| PB 0x00000000ce100000| Complete 
| 226|0x00000000ce200000, 0x00000000ce300000, 0x00000000ce300000|100%| E|CS|TAMS 0x00000000ce200000| PB 0x00000000ce200000| Complete 
|1011|0x00000000ff300000, 0x00000000ff400000, 0x00000000ff400000|100%| O|  |TAMS 0x00000000ff300000| PB 0x00000000ff300000| Untracked 
|1012|0x00000000ff400000, 0x00000000ff500000, 0x00000000ff500000|100%| O|  |TAMS 0x00000000ff400000| PB 0x00000000ff400000| Untracked 
|1013|0x00000000ff500000, 0x00000000ff600000, 0x00000000ff600000|100%| E|CS|TAMS 0x00000000ff500000| PB 0x00000000ff500000| Complete 
|1014|0x00000000ff600000, 0x00000000ff700000, 0x00000000ff700000|100%| O|  |TAMS 0x00000000ff600000| PB 0x00000000ff600000| Untracked 
|1015|0x00000000ff700000, 0x00000000ff800000, 0x00000000ff800000|100%| O|  |TAMS 0x00000000ff700000| PB 0x00000000ff700000| Untracked 
|1016|0x00000000ff800000, 0x00000000ff900000, 0x00000000ff900000|100%| E|CS|TAMS 0x00000000ff800000| PB 0x00000000ff800000| Complete 
|1017|0x00000000ff900000, 0x00000000ffa00000, 0x00000000ffa00000|100%| E|CS|TAMS 0x00000000ff900000| PB 0x00000000ff900000| Complete 
|1018|0x00000000ffa00000, 0x00000000ffb00000, 0x00000000ffb00000|100%| E|CS|TAMS 0x00000000ffa00000| PB 0x00000000ffa00000| Complete 
|1019|0x00000000ffb00000, 0x00000000ffc00000, 0x00000000ffc00000|100%| O|  |TAMS 0x00000000ffb00000| PB 0x00000000ffb00000| Untracked 
|1020|0x00000000ffc00000, 0x00000000ffd00000, 0x00000000ffd00000|100%| E|CS|TAMS 0x00000000ffc00000| PB 0x00000000ffc00000| Complete 
|1021|0x00000000ffd00000, 0x00000000ffe00000, 0x00000000ffe00000|100%| O|  |TAMS 0x00000000ffd00000| PB 0x00000000ffd00000| Untracked 
|1022|0x00000000ffe00000, 0x00000000fff00000, 0x00000000fff00000|100%| O|  |TAMS 0x00000000ffe00000| PB 0x00000000ffe00000| Untracked 
|1023|0x00000000fff00000, 0x0000000100000000, 0x0000000100000000|100%| E|CS|TAMS 0x00000000fff00000| PB 0x00000000fff00000| Complete 

Card table byte_map: [0x000001fda1690000,0x000001fda1890000] _byte_map_base: 0x000001fda1090000

Marking Bits: (CMBitMap*) 0x000001fd8e2c33e0
 Bits: [0x000001fda1890000, 0x000001fda2890000)

Polling page: 0x000001fd8c090000

Metaspace:

Usage:
  Non-class:    109.07 MB used.
      Class:     17.36 MB used.
       Both:    126.43 MB used.

Virtual space:
  Non-class space:      128.00 MB reserved,     110.25 MB ( 86%) committed,  2 nodes.
      Class space:      416.00 MB reserved,      18.50 MB (  4%) committed,  1 nodes.
             Both:      544.00 MB reserved,     128.75 MB ( 24%) committed. 

Chunk freelists:
   Non-Class:  1.41 MB
       Class:  13.36 MB
        Both:  14.77 MB

MaxMetaspaceSize: 512.00 MB
CompressedClassSpaceSize: 416.00 MB
Initial GC threshold: 21.00 MB
Current GC threshold: 191.38 MB
CDS: on
 - commit_granule_bytes: 65536.
 - commit_granule_words: 8192.
 - virtual_space_node_default_size: 8388608.
 - enlarge_chunks_in_place: 1.
 - use_allocation_guard: 0.


Internal statistics:

num_allocs_failed_limit: 6.
num_arena_births: 4142.
num_arena_deaths: 0.
num_vsnodes_births: 3.
num_vsnodes_deaths: 0.
num_space_committed: 2060.
num_space_uncommitted: 0.
num_chunks_returned_to_freelist: 6.
num_chunks_taken_from_freelist: 9746.
num_chunk_merges: 6.
num_chunk_splits: 6698.
num_chunks_enlarged: 4595.
num_inconsistent_stats: 0.

CodeHeap 'non-profiled nmethods': size=128192Kb used=6798Kb max_used=6798Kb free=121393Kb
 bounds [0x000001fd99760000, 0x000001fd99e10000, 0x000001fda1490000]
CodeHeap 'profiled nmethods': size=128192Kb used=22284Kb max_used=22284Kb free=105907Kb
 bounds [0x000001fd91490000, 0x000001fd92a60000, 0x000001fd991c0000]
CodeHeap 'non-nmethods': size=5760Kb used=2087Kb max_used=2161Kb free=3672Kb
 bounds [0x000001fd991c0000, 0x000001fd99430000, 0x000001fd99760000]
CodeCache: size=262144Kb, used=31169Kb, max_used=31243Kb, free=230972Kb
 total_blobs=12424, nmethods=11482, adapters=846, full_count=0
Compilation: enabled, stopped_count=0, restarted_count=0

Compilation events (20 events):
Event: 149.566 Thread 0x000001fda4d6d030 13671       2       org.jetbrains.kotlin.protobuf.ByteString$Output::flushLastBuffer (96 bytes)
Event: 149.567 Thread 0x000001fda4d6d030 nmethod 13671 0x000001fd92a49e90 code [0x000001fd92a4a080, 0x000001fd92a4a448]
Event: 149.567 Thread 0x000001fda4d6d030 13666       3       org.jetbrains.kotlin.load.kotlin.VirtualFileKotlinClass$Factory::create$frontend_common_jvm (32 bytes)
Event: 149.571 Thread 0x000001fda4d6d030 nmethod 13666 0x000001fd92a4a590 code [0x000001fd92a4a940, 0x000001fd92a4c0c8]
Event: 149.571 Thread 0x000001fda4d6d030 13667       3       org.jetbrains.kotlin.load.kotlin.VirtualFileKotlinClass$Factory$$Lambda/0x000001fda716b580::<init> (20 bytes)
Event: 149.571 Thread 0x000001fda4d6d030 nmethod 13667 0x000001fd92a4c910 code [0x000001fd92a4cac0, 0x000001fd92a4cd40]
Event: 149.571 Thread 0x000001fda4d6d030 13668       3       org.jetbrains.kotlin.load.kotlin.VirtualFileKotlinClass$Factory$$Lambda/0x000001fda716b580::invoke (16 bytes)
Event: 149.571 Thread 0x000001fda4d6d030 nmethod 13668 0x000001fd92a4ce10 code [0x000001fd92a4cfc0, 0x000001fd92a4d110]
Event: 149.571 Thread 0x000001fda4d6d030 13669   !   3       org.jetbrains.kotlin.load.kotlin.VirtualFileKotlinClass$Factory::create$lambda$0 (208 bytes)
Event: 149.577 Thread 0x000001fda4d6d030 nmethod 13669 0x000001fd92a4d190 code [0x000001fd92a4d660, 0x000001fd92a4fa20]
Event: 149.577 Thread 0x000001fda4d6d030 13670       3       org.jetbrains.kotlin.load.java.structure.impl.classFiles.BinaryJavaModifierListOwner::isSet (11 bytes)
Event: 149.578 Thread 0x000001fda4d6d030 nmethod 13670 0x000001fd92a50b90 code [0x000001fd92a50d40, 0x000001fd92a50fc0]
Event: 149.628 Thread 0x000001fda4d6d030 13673       3       org.jetbrains.kotlin.load.kotlin.header.ReadKotlinClassHeaderAnnotationVisitor::shouldHaveData (36 bytes)
Event: 149.628 Thread 0x000001fda4d6d030 nmethod 13673 0x000001fd92a51090 code [0x000001fd92a51240, 0x000001fd92a51420]
Event: 149.629 Thread 0x000001fda4d6d030 13674       3       org.jetbrains.kotlin.load.kotlin.header.KotlinClassHeader::<init> (68 bytes)
Event: 149.631 Thread 0x000001fda4d6d030 nmethod 13674 0x000001fd92a51490 code [0x000001fd92a51740, 0x000001fd92a52510]
Event: 149.631 Thread 0x000001fda4d6d030 13675       1       org.jetbrains.kotlin.fir.deserialization.FirDeserializationContext::getModuleData (5 bytes)
Event: 149.631 Thread 0x000001fda4d6d030 nmethod 13675 0x000001fd99e03010 code [0x000001fd99e031a0, 0x000001fd99e03268]
Event: 149.632 Thread 0x000001fda4d6d030 13676       1       org.jetbrains.kotlin.fir.types.impl.ConeClassLikeTypeImpl::getLookupTag (5 bytes)
Event: 149.632 Thread 0x000001fda4d6d030 nmethod 13676 0x000001fd99e03310 code [0x000001fd99e034a0, 0x000001fd99e03568]

GC Heap History (20 events):
Event: 108.873 GC heap before
{Heap before GC invocations=46 (full 0):
 garbage-first heap   total 160768K, used 138848K [0x00000000c0000000, 0x0000000100000000)
  region size 1024K, 44 young (45056K), 4 survivors (4096K)
 Metaspace       used 93495K, committed 95680K, reserved 557056K
  class space    used 13802K, committed 14912K, reserved 425984K
}
Event: 108.898 GC heap after
{Heap after GC invocations=47 (full 0):
 garbage-first heap   total 160768K, used 98359K [0x00000000c0000000, 0x0000000100000000)
  region size 1024K, 5 young (5120K), 5 survivors (5120K)
 Metaspace       used 93495K, committed 95680K, reserved 557056K
  class space    used 13802K, committed 14912K, reserved 425984K
}
Event: 112.068 GC heap before
{Heap before GC invocations=47 (full 0):
 garbage-first heap   total 160768K, used 140343K [0x00000000c0000000, 0x0000000100000000)
  region size 1024K, 46 young (47104K), 5 survivors (5120K)
 Metaspace       used 97431K, committed 99648K, reserved 557056K
  class space    used 14290K, committed 15360K, reserved 425984K
}
Event: 112.095 GC heap after
{Heap after GC invocations=48 (full 0):
 garbage-first heap   total 160768K, used 100949K [0x00000000c0000000, 0x0000000100000000)
  region size 1024K, 4 young (4096K), 4 survivors (4096K)
 Metaspace       used 97431K, committed 99648K, reserved 557056K
  class space    used 14290K, committed 15360K, reserved 425984K
}
Event: 114.828 GC heap before
{Heap before GC invocations=49 (full 0):
 garbage-first heap   total 168960K, used 143957K [0x00000000c0000000, 0x0000000100000000)
  region size 1024K, 46 young (47104K), 4 survivors (4096K)
 Metaspace       used 102674K, committed 104896K, reserved 557056K
  class space    used 14941K, committed 16000K, reserved 425984K
}
Event: 114.847 GC heap after
{Heap after GC invocations=50 (full 0):
 garbage-first heap   total 168960K, used 102808K [0x00000000c0000000, 0x0000000100000000)
  region size 1024K, 5 young (5120K), 5 survivors (5120K)
 Metaspace       used 102674K, committed 104896K, reserved 557056K
  class space    used 14941K, committed 16000K, reserved 425984K
}
Event: 117.272 GC heap before
{Heap before GC invocations=50 (full 0):
 garbage-first heap   total 168960K, used 150936K [0x00000000c0000000, 0x0000000100000000)
  region size 1024K, 52 young (53248K), 5 survivors (5120K)
 Metaspace       used 105035K, committed 107392K, reserved 557056K
  class space    used 15215K, committed 16384K, reserved 425984K
}
Event: 117.333 GC heap after
{Heap after GC invocations=51 (full 0):
 garbage-first heap   total 173056K, used 116018K [0x00000000c0000000, 0x0000000100000000)
  region size 1024K, 7 young (7168K), 7 survivors (7168K)
 Metaspace       used 105035K, committed 107392K, reserved 557056K
  class space    used 15215K, committed 16384K, reserved 425984K
}
Event: 117.932 GC heap before
{Heap before GC invocations=51 (full 0):
 garbage-first heap   total 173056K, used 150834K [0x00000000c0000000, 0x0000000100000000)
  region size 1024K, 41 young (41984K), 7 survivors (7168K)
 Metaspace       used 105048K, committed 107392K, reserved 557056K
  class space    used 15217K, committed 16384K, reserved 425984K
}
Event: 118.001 GC heap after
{Heap after GC invocations=52 (full 0):
 garbage-first heap   total 174080K, used 131579K [0x00000000c0000000, 0x0000000100000000)
  region size 1024K, 6 young (6144K), 6 survivors (6144K)
 Metaspace       used 105048K, committed 107392K, reserved 557056K
  class space    used 15217K, committed 16384K, reserved 425984K
}
Event: 119.319 GC heap before
{Heap before GC invocations=53 (full 0):
 garbage-first heap   total 220160K, used 155131K [0x00000000c0000000, 0x0000000100000000)
  region size 1024K, 28 young (28672K), 6 survivors (6144K)
 Metaspace       used 105160K, committed 107456K, reserved 557056K
  class space    used 15225K, committed 16384K, reserved 425984K
}
Event: 119.375 GC heap after
{Heap after GC invocations=54 (full 0):
 garbage-first heap   total 220160K, used 141824K [0x00000000c0000000, 0x0000000100000000)
  region size 1024K, 4 young (4096K), 4 survivors (4096K)
 Metaspace       used 105160K, committed 107456K, reserved 557056K
  class space    used 15225K, committed 16384K, reserved 425984K
}
Event: 122.559 GC heap before
{Heap before GC invocations=54 (full 0):
 garbage-first heap   total 220160K, used 181760K [0x00000000c0000000, 0x0000000100000000)
  region size 1024K, 44 young (45056K), 4 survivors (4096K)
 Metaspace       used 109907K, committed 112192K, reserved 557056K
  class space    used 15718K, committed 16832K, reserved 425984K
}
Event: 122.586 GC heap after
{Heap after GC invocations=55 (full 0):
 garbage-first heap   total 220160K, used 143251K [0x00000000c0000000, 0x0000000100000000)
  region size 1024K, 2 young (2048K), 2 survivors (2048K)
 Metaspace       used 109907K, committed 112192K, reserved 557056K
  class space    used 15718K, committed 16832K, reserved 425984K
}
Event: 124.788 GC heap before
{Heap before GC invocations=55 (full 0):
 garbage-first heap   total 220160K, used 187283K [0x00000000c0000000, 0x0000000100000000)
  region size 1024K, 45 young (46080K), 2 survivors (2048K)
 Metaspace       used 114060K, committed 116352K, reserved 557056K
  class space    used 16167K, committed 17280K, reserved 425984K
}
Event: 124.805 GC heap after
{Heap after GC invocations=56 (full 0):
 garbage-first heap   total 220160K, used 147129K [0x00000000c0000000, 0x0000000100000000)
  region size 1024K, 6 young (6144K), 6 survivors (6144K)
 Metaspace       used 114060K, committed 116352K, reserved 557056K
  class space    used 16167K, committed 17280K, reserved 425984K
}
Event: 127.237 GC heap before
{Heap before GC invocations=57 (full 0):
 garbage-first heap   total 245760K, used 190137K [0x00000000c0000000, 0x0000000100000000)
  region size 1024K, 49 young (50176K), 6 survivors (6144K)
 Metaspace       used 119284K, committed 121600K, reserved 557056K
  class space    used 16652K, committed 17792K, reserved 425984K
}
Event: 127.260 GC heap after
{Heap after GC invocations=58 (full 0):
 garbage-first heap   total 245760K, used 148690K [0x00000000c0000000, 0x0000000100000000)
  region size 1024K, 2 young (2048K), 2 survivors (2048K)
 Metaspace       used 119284K, committed 121600K, reserved 557056K
  class space    used 16652K, committed 17792K, reserved 425984K
}
Event: 132.547 GC heap before
{Heap before GC invocations=58 (full 0):
 garbage-first heap   total 245760K, used 211154K [0x00000000c0000000, 0x0000000100000000)
  region size 1024K, 64 young (65536K), 2 survivors (2048K)
 Metaspace       used 125335K, committed 127616K, reserved 557056K
  class space    used 17270K, committed 18432K, reserved 425984K
}
Event: 132.569 GC heap after
{Heap after GC invocations=59 (full 0):
 garbage-first heap   total 245760K, used 153246K [0x00000000c0000000, 0x0000000100000000)
  region size 1024K, 8 young (8192K), 8 survivors (8192K)
 Metaspace       used 125335K, committed 127616K, reserved 557056K
  class space    used 17270K, committed 18432K, reserved 425984K
}

Dll operation events (20 events):
Event: 1.027 Attempting to load shared library C:\Users\moner\.vscode\extensions\redhat.java-1.56.0-win32-x64\jre\21.0.12.1-win32-x86_64\bin\nio.dll
Event: 1.029 Loaded shared library C:\Users\moner\.vscode\extensions\redhat.java-1.56.0-win32-x64\jre\21.0.12.1-win32-x86_64\bin\nio.dll
Event: 1.037 Attempting to load shared library C:\Users\moner\.vscode\extensions\redhat.java-1.56.0-win32-x64\jre\21.0.12.1-win32-x86_64\bin\zip.dll
Event: 1.037 Loaded shared library C:\Users\moner\.vscode\extensions\redhat.java-1.56.0-win32-x64\jre\21.0.12.1-win32-x86_64\bin\zip.dll
Event: 3.277 Attempting to load shared library C:\Users\moner\.vscode\extensions\redhat.java-1.56.0-win32-x64\jre\21.0.12.1-win32-x86_64\bin\jimage.dll
Event: 3.277 Loaded shared library C:\Users\moner\.vscode\extensions\redhat.java-1.56.0-win32-x64\jre\21.0.12.1-win32-x86_64\bin\jimage.dll
Event: 4.536 Attempting to load shared library C:\Users\moner\.vscode\extensions\redhat.java-1.56.0-win32-x64\jre\21.0.12.1-win32-x86_64\bin\verify.dll
Event: 4.538 Loaded shared library C:\Users\moner\.vscode\extensions\redhat.java-1.56.0-win32-x64\jre\21.0.12.1-win32-x86_64\bin\verify.dll
Event: 4.745 Attempting to load shared library C:\Users\moner\.gradle\native\660c5614fbf4a5f2a75b1949f50a0caf5cd603558e7d8a26e50b933a0cfb79d1\windows-amd64\native-platform.dll
Event: 4.746 Loaded shared library C:\Users\moner\.gradle\native\660c5614fbf4a5f2a75b1949f50a0caf5cd603558e7d8a26e50b933a0cfb79d1\windows-amd64\native-platform.dll
Event: 4.811 Attempting to load shared library C:\Users\moner\.gradle\native\0.2.8\x86_64-windows-gnu\gradle-fileevents.dll
Event: 4.814 Loaded shared library C:\Users\moner\.gradle\native\0.2.8\x86_64-windows-gnu\gradle-fileevents.dll
Event: 12.325 Attempting to load shared library C:\Users\moner\.vscode\extensions\redhat.java-1.56.0-win32-x64\jre\21.0.12.1-win32-x86_64\bin\management.dll
Event: 12.326 Loaded shared library C:\Users\moner\.vscode\extensions\redhat.java-1.56.0-win32-x64\jre\21.0.12.1-win32-x86_64\bin\management.dll
Event: 12.332 Attempting to load shared library C:\Users\moner\.vscode\extensions\redhat.java-1.56.0-win32-x64\jre\21.0.12.1-win32-x86_64\bin\management_ext.dll
Event: 12.339 Loaded shared library C:\Users\moner\.vscode\extensions\redhat.java-1.56.0-win32-x64\jre\21.0.12.1-win32-x86_64\bin\management_ext.dll
Event: 13.236 Attempting to load shared library C:\Users\moner\.vscode\extensions\redhat.java-1.56.0-win32-x64\jre\21.0.12.1-win32-x86_64\bin\extnet.dll
Event: 13.236 Loaded shared library C:\Users\moner\.vscode\extensions\redhat.java-1.56.0-win32-x64\jre\21.0.12.1-win32-x86_64\bin\extnet.dll
Event: 14.287 Attempting to load shared library C:\Users\moner\.vscode\extensions\redhat.java-1.56.0-win32-x64\jre\21.0.12.1-win32-x86_64\bin\sunmscapi.dll
Event: 14.292 Loaded shared library C:\Users\moner\.vscode\extensions\redhat.java-1.56.0-win32-x64\jre\21.0.12.1-win32-x86_64\bin\sunmscapi.dll

Deoptimization events (20 events):
Event: 145.793 Thread 0x000001fdc4d67730 DEOPT PACKING pc=0x000001fd99dc467c sp=0x0000004b7a2ed050
Event: 145.793 Thread 0x000001fdc4d67730 DEOPT UNPACKING pc=0x000001fd99214422 sp=0x0000004b7a2ecfe0 mode 2
Event: 145.859 Thread 0x000001fdc4d67730 Uncommon trap: trap_request=0xffffffc6 fr.pc=0x000001fd99dc467c relative=0x0000000000001f9c
Event: 145.859 Thread 0x000001fdc4d67730 Uncommon trap: reason=bimorphic_or_optimized_type_check action=maybe_recompile pc=0x000001fd99dc467c method=org.jetbrains.org.objectweb.asm.ClassReader.readElementValue(Lorg/jetbrains/org/objectweb/asm/AnnotationVisitor;ILjava/lang/String;[C)I @ 485 c2
Event: 145.859 Thread 0x000001fdc4d67730 DEOPT PACKING pc=0x000001fd99dc467c sp=0x0000004b7a2ed050
Event: 145.859 Thread 0x000001fdc4d67730 DEOPT UNPACKING pc=0x000001fd99214422 sp=0x0000004b7a2ecfe0 mode 2
Event: 145.864 Thread 0x000001fdc4d67730 Uncommon trap: trap_request=0xffffffc6 fr.pc=0x000001fd99dc467c relative=0x0000000000001f9c
Event: 145.864 Thread 0x000001fdc4d67730 Uncommon trap: reason=bimorphic_or_optimized_type_check action=maybe_recompile pc=0x000001fd99dc467c method=org.jetbrains.org.objectweb.asm.ClassReader.readElementValue(Lorg/jetbrains/org/objectweb/asm/AnnotationVisitor;ILjava/lang/String;[C)I @ 485 c2
Event: 145.864 Thread 0x000001fdc4d67730 DEOPT PACKING pc=0x000001fd99dc467c sp=0x0000004b7a2ed050
Event: 145.864 Thread 0x000001fdc4d67730 DEOPT UNPACKING pc=0x000001fd99214422 sp=0x0000004b7a2ecfe0 mode 2
Event: 146.005 Thread 0x000001fdc4d67730 DEOPT PACKING pc=0x000001fd92a0ca9d sp=0x0000004b7a2ed410
Event: 146.005 Thread 0x000001fdc4d67730 DEOPT UNPACKING pc=0x000001fd99214bc2 sp=0x0000004b7a2ec8a0 mode 0
Event: 148.871 Thread 0x000001fdc4d67730 Uncommon trap: trap_request=0xffffffbe fr.pc=0x000001fd99d35cdc relative=0x0000000000000a3c
Event: 148.871 Thread 0x000001fdc4d67730 Uncommon trap: reason=profile_predicate action=maybe_recompile pc=0x000001fd99d35cdc method=java.util.regex.Pattern$BnM.optimize(Ljava/util/regex/Pattern$Node;)Ljava/util/regex/Pattern$Node; @ 67 c2
Event: 148.871 Thread 0x000001fdc4d67730 DEOPT PACKING pc=0x000001fd99d35cdc sp=0x0000004b7a2ed1a0
Event: 148.919 Thread 0x000001fdc4d67730 DEOPT UNPACKING pc=0x000001fd99214422 sp=0x0000004b7a2ed100 mode 2
Event: 149.633 Thread 0x000001fdc4d67730 Uncommon trap: trap_request=0xffffff45 fr.pc=0x000001fd99dba070 relative=0x00000000000001d0
Event: 149.633 Thread 0x000001fdc4d67730 Uncommon trap: reason=unstable_if action=reinterpret pc=0x000001fd99dba070 method=org.jetbrains.kotlin.name.FqNameUnsafe.equals(Ljava/lang/Object;)Z @ 2 c2
Event: 149.633 Thread 0x000001fdc4d67730 DEOPT PACKING pc=0x000001fd99dba070 sp=0x0000004b7a2ee7a0
Event: 149.633 Thread 0x000001fdc4d67730 DEOPT UNPACKING pc=0x000001fd99214422 sp=0x0000004b7a2ee658 mode 2

Classes loaded (20 events):
Event: 119.902 Loading class sun/nio/fs/WindowsLinkSupport
Event: 119.902 Loading class sun/nio/fs/WindowsLinkSupport done
Event: 127.755 Loading class java/text/StringCharacterIterator
Event: 127.755 Loading class java/text/CharacterIterator
Event: 127.756 Loading class java/text/CharacterIterator done
Event: 127.756 Loading class java/text/StringCharacterIterator done
Event: 128.334 Loading class java/util/PriorityQueue
Event: 128.335 Loading class java/util/PriorityQueue done
Event: 148.713 Loading class java/util/AbstractList$SubList
Event: 148.713 Loading class java/util/AbstractList$SubList done
Event: 148.714 Loading class java/util/AbstractList$SubList$1
Event: 148.714 Loading class java/util/AbstractList$SubList$1 done
Event: 149.202 Loading class java/util/EnumMap$EntrySet
Event: 149.203 Loading class java/util/EnumMap$EntrySet done
Event: 149.203 Loading class java/util/EnumMap$EntryIterator
Event: 149.203 Loading class java/util/EnumMap$EnumMapIterator
Event: 149.203 Loading class java/util/EnumMap$EnumMapIterator done
Event: 149.203 Loading class java/util/EnumMap$EntryIterator done
Event: 149.204 Loading class java/util/EnumMap$EntryIterator$Entry
Event: 149.204 Loading class java/util/EnumMap$EntryIterator$Entry done

Classes unloaded (0 events):
No events

Classes redefined (0 events):
No events

Internal exceptions (20 events):
Event: 111.437 Thread 0x000001fdc4d67730 Exception <a 'java/lang/NoSuchMethodError'{0x00000000c7627460}: 'java.lang.Object java.lang.invoke.DirectMethodHandle$Holder.invokeSpecial(java.lang.Object, java.lang.Object, java.lang.Object, java.lang.Object, long)'> (0x00000000c7627460) 
thrown [s\src\hotspot\share\interpreter\linkResolver.cpp, line 773]
Event: 111.439 Thread 0x000001fdc4d67730 Exception <a 'java/lang/NoSuchMethodError'{0x00000000c76378d0}: 'int java.lang.invoke.DelegatingMethodHandle$Holder.reinvoke_L(java.lang.Object, java.lang.Object, java.lang.Object, long, java.lang.Object, java.lang.Object)'> (0x00000000c76378d0) 
thrown [s\src\hotspot\share\interpreter\linkResolver.cpp, line 773]
Event: 111.440 Thread 0x000001fdc4d67730 Exception <a 'java/lang/NoSuchMethodError'{0x00000000c7647650}: 'int java.lang.invoke.DelegatingMethodHandle$Holder.reinvoke_L(java.lang.Object, java.lang.Object, java.lang.Object, long, int, int)'> (0x00000000c7647650) 
thrown [s\src\hotspot\share\interpreter\linkResolver.cpp, line 773]
Event: 111.442 Thread 0x000001fdc4d67730 Exception <a 'java/lang/NoSuchMethodError'{0x00000000c7657180}: 'int java.lang.invoke.DelegatingMethodHandle$Holder.reinvoke_L(java.lang.Object, java.lang.Object, java.lang.Object, long, long, long)'> (0x00000000c7657180) 
thrown [s\src\hotspot\share\interpreter\linkResolver.cpp, line 773]
Event: 111.444 Thread 0x000001fdc4d67730 Exception <a 'java/lang/NoSuchMethodError'{0x00000000c7666958}: 'int java.lang.invoke.DelegatingMethodHandle$Holder.reinvoke_L(java.lang.Object, java.lang.Object, java.lang.Object, long, int)'> (0x00000000c7666958) 
thrown [s\src\hotspot\share\interpreter\linkResolver.cpp, line 773]
Event: 111.447 Thread 0x000001fdc4d67730 Exception <a 'java/lang/NoSuchMethodError'{0x00000000c767d5a8}: 'void java.lang.invoke.DelegatingMethodHandle$Holder.reinvoke_L(java.lang.Object, java.lang.Object, java.lang.Object, long, java.lang.Object, long, long)'> (0x00000000c767d5a8) 
thrown [s\src\hotspot\share\interpreter\linkResolver.cpp, line 773]
Event: 111.447 Thread 0x000001fdc4d67730 Exception <a 'java/lang/NoSuchMethodError'{0x00000000c7686138}: 'long java.lang.invoke.Invokers$Holder.invokeExact_MT(java.lang.Object, java.lang.Object, java.lang.Object)'> (0x00000000c7686138) 
thrown [s\src\hotspot\share\interpreter\linkResolver.cpp, line 773]
Event: 111.448 Thread 0x000001fdc4d67730 Exception <a 'java/lang/NoSuchMethodError'{0x00000000c768b6e0}: 'int java.lang.invoke.Invokers$Holder.invokeExact_MT(java.lang.Object, java.lang.Object, java.lang.Object)'> (0x00000000c768b6e0) 
thrown [s\src\hotspot\share\interpreter\linkResolver.cpp, line 773]
Event: 111.756 Thread 0x000001fdc4d67730 Exception <a 'java/lang/NoSuchMethodError'{0x00000000c7221638}: 'java.lang.Object java.lang.invoke.DirectMethodHandle$Holder.invokeStatic(java.lang.Object, java.lang.Object, int, java.lang.Object, int)'> (0x00000000c7221638) 
thrown [s\src\hotspot\share\interpreter\linkResolver.cpp, line 773]
Event: 114.050 Thread 0x000001fdc4d67730 Exception <a 'java/lang/NoSuchMethodError'{0x00000000c81e78a8}: 'java.lang.Object java.lang.invoke.DirectMethodHandle$Holder.invokeStatic(java.lang.Object, java.lang.Object, java.lang.Object, java.lang.Object, int, java.lang.Object)'> (0x00000000c81e78a8) 
thrown [s\src\hotspot\share\interpreter\linkResolver.cpp, line 773]
Event: 114.228 Thread 0x000001fdc4d67730 Exception <a 'java/lang/NoSuchMethodError'{0x00000000c7f68a90}: 'long java.lang.invoke.DirectMethodHandle$Holder.invokeStatic(java.lang.Object, java.lang.Object, int)'> (0x00000000c7f68a90) 
thrown [s\src\hotspot\share\interpreter\linkResolver.cpp, line 773]
Event: 114.232 Thread 0x000001fdc4d67730 Exception <a 'java/lang/NoSuchMethodError'{0x00000000c7f756b8}: 'java.lang.Object java.lang.invoke.DelegatingMethodHandle$Holder.reinvoke_L(java.lang.Object, int, long, java.lang.Object, java.lang.Object, int, java.lang.Object)'> (0x00000000c7f756b8) 
thrown [s\src\hotspot\share\interpreter\linkResolver.cpp, line 773]
Event: 115.631 Thread 0x000001fdc4d67730 Exception <a 'java/lang/NoSuchMethodError'{0x00000000c97e1268}: 'java.lang.Object java.lang.invoke.Invokers$Holder.invokeExact_MT(java.lang.Object, java.lang.Object, long, java.lang.Object)'> (0x00000000c97e1268) 
thrown [s\src\hotspot\share\interpreter\linkResolver.cpp, line 773]
Event: 116.297 Thread 0x000001fdc4d67730 Exception <a 'java/lang/NoSuchMethodError'{0x00000000c9023880}: 'java.lang.Object java.lang.invoke.DirectMethodHandle$Holder.invokeStatic(java.lang.Object, java.lang.Object, long, long)'> (0x00000000c9023880) 
thrown [s\src\hotspot\share\interpreter\linkResolver.cpp, line 773]
Event: 116.311 Thread 0x000001fdc4d67730 Exception <a 'java/lang/NoSuchMethodError'{0x00000000c9075198}: 'java.lang.Object java.lang.invoke.DirectMethodHandle$Holder.invokeStatic(java.lang.Object, java.lang.Object, java.lang.Object, long, java.lang.Object)'> (0x00000000c9075198) 
thrown [s\src\hotspot\share\interpreter\linkResolver.cpp, line 773]
Event: 116.313 Thread 0x000001fdc4d67730 Exception <a 'java/lang/NoSuchMethodError'{0x00000000c907ddd0}: 'java.lang.Object java.lang.invoke.DirectMethodHandle$Holder.newInvokeSpecial(java.lang.Object, java.lang.Object, java.lang.Object, long)'> (0x00000000c907ddd0) 
thrown [s\src\hotspot\share\interpreter\linkResolver.cpp, line 773]
Event: 116.315 Thread 0x000001fdc4d67730 Exception <a 'java/lang/NoSuchMethodError'{0x00000000c9083b70}: 'java.lang.Object java.lang.invoke.Invokers$Holder.linkToTargetMethod(java.lang.Object, java.lang.Object, long, java.lang.Object)'> (0x00000000c9083b70) 
thrown [s\src\hotspot\share\interpreter\linkResolver.cpp, line 773]
Event: 117.353 Thread 0x000001fdc4d67730 Implicit null exception at 0x000001fd99d43bf6 to 0x000001fd99d44020
Event: 117.411 Thread 0x000001fdc4d67730 Implicit null exception at 0x000001fd99d4f892 to 0x000001fd99d50440
Event: 119.729 Thread 0x000001fdc4d67730 Exception <a 'java/lang/NoSuchMethodError'{0x00000000cc943088}: 'int java.lang.invoke.DirectMethodHandle$Holder.invokeSpecial(java.lang.Object, java.lang.Object, int, int)'> (0x00000000cc943088) 
thrown [s\src\hotspot\share\interpreter\linkResolver.cpp, line 773]

ZGC Phase Switch (0 events):
No events

VM Operations (20 events):
Event: 139.603 Executing safepoint VM operation: Cleanup
Event: 139.603 Executing safepoint VM operation: Cleanup done
Event: 141.615 Executing safepoint VM operation: Cleanup
Event: 141.615 Executing safepoint VM operation: Cleanup done
Event: 144.633 Executing safepoint VM operation: Cleanup
Event: 144.633 Executing safepoint VM operation: Cleanup done
Event: 146.648 Executing safepoint VM operation: Cleanup
Event: 146.695 Executing safepoint VM operation: Cleanup done
Event: 146.895 Executing non-safepoint VM operation: HandshakeAllThreads (Deoptimize)
Event: 146.895 Executing non-safepoint VM operation: HandshakeAllThreads (Deoptimize) done
Event: 147.904 Executing safepoint VM operation: Cleanup
Event: 147.905 Executing safepoint VM operation: Cleanup done
Event: 148.444 Executing non-safepoint VM operation: HandshakeAllThreads (Deoptimize)
Event: 148.444 Executing non-safepoint VM operation: HandshakeAllThreads (Deoptimize) done
Event: 149.097 Executing non-safepoint VM operation: HandshakeAllThreads (Deoptimize)
Event: 149.097 Executing non-safepoint VM operation: HandshakeAllThreads (Deoptimize) done
Event: 149.097 Executing safepoint VM operation: Cleanup
Event: 149.097 Executing safepoint VM operation: Cleanup done
Event: 149.618 Executing non-safepoint VM operation: HandshakeAllThreads (Deoptimize)
Event: 149.618 Executing non-safepoint VM operation: HandshakeAllThreads (Deoptimize) done

Memory protections (0 events):
No events

Nmethod flushes (20 events):
Event: 125.642 Thread 0x000001fda4d15ad0 flushing  nmethod 0x000001fd9149e410
Event: 125.642 Thread 0x000001fda4d15ad0 flushing  nmethod 0x000001fd915c0f10
Event: 125.642 Thread 0x000001fda4d15ad0 flushing  nmethod 0x000001fd9167a710
Event: 125.642 Thread 0x000001fda4d15ad0 flushing  nmethod 0x000001fd916e2710
Event: 125.642 Thread 0x000001fda4d15ad0 flushing  nmethod 0x000001fd91730210
Event: 125.642 Thread 0x000001fda4d15ad0 flushing  nmethod 0x000001fd918d3990
Event: 125.642 Thread 0x000001fda4d15ad0 flushing  nmethod 0x000001fd919c6210
Event: 125.642 Thread 0x000001fda4d15ad0 flushing  nmethod 0x000001fd91b2c390
Event: 125.642 Thread 0x000001fda4d15ad0 flushing  nmethod 0x000001fd91de0610
Event: 125.642 Thread 0x000001fda4d15ad0 flushing  nmethod 0x000001fd91e89e10
Event: 125.642 Thread 0x000001fda4d15ad0 flushing  nmethod 0x000001fd9273f490
Event: 125.642 Thread 0x000001fda4d15ad0 flushing  nmethod 0x000001fd92795c10
Event: 125.642 Thread 0x000001fda4d15ad0 flushing  nmethod 0x000001fd92796090
Event: 125.642 Thread 0x000001fda4d15ad0 flushing  nmethod 0x000001fd92797810
Event: 125.642 Thread 0x000001fda4d15ad0 flushing  nmethod 0x000001fd92798710
Event: 125.642 Thread 0x000001fda4d15ad0 flushing  nmethod 0x000001fd92799490
Event: 125.642 Thread 0x000001fda4d15ad0 flushing  nmethod 0x000001fd92799810
Event: 125.642 Thread 0x000001fda4d15ad0 flushing  nmethod 0x000001fd9279b610
Event: 125.642 Thread 0x000001fda4d15ad0 flushing osr nmethod 0x000001fd9279c210
Event: 125.642 Thread 0x000001fda4d15ad0 flushing  nmethod 0x000001fd927ab890

Events (20 events):
Event: 66.424 Thread 0x000001fdc8a2de10 Thread added: 0x000001fdc8a30c00
Event: 66.549 Thread 0x000001fdc8a2de10 Thread added: 0x000001fdc8a31290
Event: 66.550 Thread 0x000001fdc8a2de10 Thread added: 0x000001fdc8a2bd40
Event: 66.550 Thread 0x000001fdc8a2de10 Thread added: 0x000001fdc7768630
Event: 67.548 Thread 0x000001fdc8a2de10 Thread added: 0x000001fdc7765840
Event: 67.549 Thread 0x000001fdc8a2de10 Thread added: 0x000001fdc7762a50
Event: 68.999 Thread 0x000001fdc4d67730 Thread added: 0x000001fdc7764b20
Event: 68.999 Thread 0x000001fdc4d67730 Thread added: 0x000001fdc77651b0
Event: 69.003 Thread 0x000001fdc4d67730 Thread added: 0x000001fdc7767280
Event: 69.225 Thread 0x000001fdc4d67730 Thread added: 0x000001fdc7765ed0
Event: 69.226 Thread 0x000001fdc4d67730 Thread added: 0x000001fdc77630e0
Event: 69.228 Thread 0x000001fdc4d67730 Thread added: 0x000001fdc7763e00
Event: 71.250 Thread 0x000001fdc4d67730 Thread added: 0x000001fdc7766560
Event: 71.251 Thread 0x000001fdc4d67730 Thread added: 0x000001fdc7766bf0
Event: 71.252 Thread 0x000001fdc4d67730 Thread added: 0x000001fdc7767fa0
Event: 103.969 Thread 0x000001fdc4d67730 Thread added: 0x000001fdc7769350
Event: 105.672 Thread 0x000001fdc4d67730 Thread added: 0x000001fdc8d22a60
Event: 127.937 Thread 0x000001fdc8a2de10 Thread exited: 0x000001fdc8a2de10
Event: 128.494 Thread 0x000001fda4d6d030 Thread added: 0x000001fdc82dca00
Event: 129.289 Thread 0x000001fdc82dca00 Thread exited: 0x000001fdc82dca00


Dynamic libraries:
0x00007ff781300000 - 0x00007ff78130e000 	C:\Users\moner\.vscode\extensions\redhat.java-1.56.0-win32-x64\jre\21.0.12.1-win32-x86_64\bin\java.exe
0x00007ff850930000 - 0x00007ff850b44000 	C:\WINDOWS\SYSTEM32\ntdll.dll
0x00007ff84f650000 - 0x00007ff84f713000 	C:\WINDOWS\System32\KERNEL32.DLL
0x00007ff84e1d0000 - 0x00007ff84e56c000 	C:\WINDOWS\System32\KERNELBASE.dll
0x00007ff84e0b0000 - 0x00007ff84e1c1000 	C:\WINDOWS\System32\ucrtbase.dll
0x00007ff8394f0000 - 0x00007ff839508000 	C:\Users\moner\.vscode\extensions\redhat.java-1.56.0-win32-x64\jre\21.0.12.1-win32-x86_64\bin\jli.dll
0x00007ff84f2b0000 - 0x00007ff84f45d000 	C:\WINDOWS\System32\USER32.dll
0x00007ff84e710000 - 0x00007ff84e736000 	C:\WINDOWS\System32\win32u.dll
0x00007ff84f8a0000 - 0x00007ff84f8c9000 	C:\WINDOWS\System32\GDI32.dll
0x00007ff84e5f0000 - 0x00007ff84e702000 	C:\WINDOWS\System32\gdi32full.dll
0x00007ff84df50000 - 0x00007ff84dfea000 	C:\WINDOWS\System32\msvcp_win.dll
0x00007ff832020000 - 0x00007ff83203e000 	C:\Users\moner\.vscode\extensions\redhat.java-1.56.0-win32-x64\jre\21.0.12.1-win32-x86_64\bin\VCRUNTIME140.dll
0x00007ff83b860000 - 0x00007ff83baee000 	C:\WINDOWS\WinSxS\amd64_microsoft.windows.common-controls_6595b64144ccf1df_6.0.22621.608_none_a9444ca7c10bb01d\COMCTL32.dll
0x00007ff84e740000 - 0x00007ff84e7e7000 	C:\WINDOWS\System32\msvcrt.dll
0x00007ff84f270000 - 0x00007ff84f2a2000 	C:\WINDOWS\System32\IMM32.DLL
0x00007ff84abb0000 - 0x00007ff84abbc000 	C:\Users\moner\.vscode\extensions\redhat.java-1.56.0-win32-x64\jre\21.0.12.1-win32-x86_64\bin\vcruntime140_1.dll
0x00007ff800b30000 - 0x00007ff800bbd000 	C:\Users\moner\.vscode\extensions\redhat.java-1.56.0-win32-x64\jre\21.0.12.1-win32-x86_64\bin\msvcp140.dll
0x00007fffd9f00000 - 0x00007fffdaca2000 	C:\Users\moner\.vscode\extensions\redhat.java-1.56.0-win32-x64\jre\21.0.12.1-win32-x86_64\bin\server\jvm.dll
0x00007ff84f5a0000 - 0x00007ff84f64e000 	C:\WINDOWS\System32\ADVAPI32.dll
0x00007ff84f4f0000 - 0x00007ff84f594000 	C:\WINDOWS\System32\sechost.dll
0x00007ff84ef50000 - 0x00007ff84f065000 	C:\WINDOWS\System32\RPCRT4.dll
0x00007ff84e7f0000 - 0x00007ff84e861000 	C:\WINDOWS\System32\WS2_32.dll
0x00007ff84cc80000 - 0x00007ff84cccd000 	C:\WINDOWS\SYSTEM32\POWRPROF.dll
0x00007ff846220000 - 0x00007ff846254000 	C:\WINDOWS\SYSTEM32\WINMM.dll
0x00007ff84ba40000 - 0x00007ff84ba4a000 	C:\WINDOWS\SYSTEM32\VERSION.dll
0x00007ff84cc60000 - 0x00007ff84cc73000 	C:\WINDOWS\SYSTEM32\UMPDC.dll
0x00007ff84ceb0000 - 0x00007ff84cec8000 	C:\WINDOWS\SYSTEM32\kernel.appcore.dll
0x00007ff83fe00000 - 0x00007ff83fe0a000 	C:\Users\moner\.vscode\extensions\redhat.java-1.56.0-win32-x64\jre\21.0.12.1-win32-x86_64\bin\jimage.dll
0x00007ff837810000 - 0x00007ff837a3e000 	C:\WINDOWS\SYSTEM32\DBGHELP.DLL
0x00007ff84fa20000 - 0x00007ff84fdaa000 	C:\WINDOWS\System32\combase.dll
0x00007ff84f8f0000 - 0x00007ff84f9c7000 	C:\WINDOWS\System32\OLEAUT32.dll
0x00007ff8377d0000 - 0x00007ff837802000 	C:\WINDOWS\SYSTEM32\dbgcore.DLL
0x00007ff84e570000 - 0x00007ff84e5eb000 	C:\WINDOWS\System32\bcryptPrimitives.dll
0x00007ff83e880000 - 0x00007ff83e88f000 	C:\Users\moner\.vscode\extensions\redhat.java-1.56.0-win32-x64\jre\21.0.12.1-win32-x86_64\bin\instrument.dll
0x00007ff824aa0000 - 0x00007ff824ac0000 	C:\Users\moner\.vscode\extensions\redhat.java-1.56.0-win32-x64\jre\21.0.12.1-win32-x86_64\bin\java.dll
0x00007ff84fdb0000 - 0x00007ff85059f000 	C:\WINDOWS\System32\SHELL32.dll
0x00007ff84bda0000 - 0x00007ff84c668000 	C:\WINDOWS\SYSTEM32\windows.storage.dll
0x00007ff84bc60000 - 0x00007ff84bd9e000 	C:\WINDOWS\SYSTEM32\wintypes.dll
0x00007ff84f720000 - 0x00007ff84f811000 	C:\WINDOWS\System32\SHCORE.dll
0x00007ff84ea40000 - 0x00007ff84ea9e000 	C:\WINDOWS\System32\shlwapi.dll
0x00007ff84dca0000 - 0x00007ff84dcc1000 	C:\WINDOWS\SYSTEM32\profapi.dll
0x00007ff8217c0000 - 0x00007ff8217d8000 	C:\Users\moner\.vscode\extensions\redhat.java-1.56.0-win32-x64\jre\21.0.12.1-win32-x86_64\bin\zip.dll
0x00007ff83db10000 - 0x00007ff83db20000 	C:\Users\moner\.vscode\extensions\redhat.java-1.56.0-win32-x64\jre\21.0.12.1-win32-x86_64\bin\net.dll
0x00007ff84b810000 - 0x00007ff84b93f000 	C:\WINDOWS\SYSTEM32\WINHTTP.dll
0x00007ff84d320000 - 0x00007ff84d389000 	C:\WINDOWS\system32\mswsock.dll
0x00007ff81b730000 - 0x00007ff81b746000 	C:\Users\moner\.vscode\extensions\redhat.java-1.56.0-win32-x64\jre\21.0.12.1-win32-x86_64\bin\nio.dll
0x00007ff83c880000 - 0x00007ff83c890000 	C:\Users\moner\.vscode\extensions\redhat.java-1.56.0-win32-x64\jre\21.0.12.1-win32-x86_64\bin\verify.dll
0x00007ff831a40000 - 0x00007ff831a67000 	C:\Users\moner\.gradle\native\660c5614fbf4a5f2a75b1949f50a0caf5cd603558e7d8a26e50b933a0cfb79d1\windows-amd64\native-platform.dll
0x00007ffffc960000 - 0x00007ffffc9d7000 	C:\Users\moner\.gradle\native\0.2.8\x86_64-windows-gnu\gradle-fileevents.dll
0x00007ff831a30000 - 0x00007ff831a3a000 	C:\Users\moner\.vscode\extensions\redhat.java-1.56.0-win32-x64\jre\21.0.12.1-win32-x86_64\bin\management.dll
0x00007ff8319f0000 - 0x00007ff8319fc000 	C:\Users\moner\.vscode\extensions\redhat.java-1.56.0-win32-x64\jre\21.0.12.1-win32-x86_64\bin\management_ext.dll
0x00007ff84f8e0000 - 0x00007ff84f8e8000 	C:\WINDOWS\System32\PSAPI.DLL
0x00007ff84c930000 - 0x00007ff84c95d000 	C:\WINDOWS\SYSTEM32\IPHLPAPI.DLL
0x00007ff84f8d0000 - 0x00007ff84f8d9000 	C:\WINDOWS\System32\NSI.dll
0x00007ff82ec50000 - 0x00007ff82ec59000 	C:\Users\moner\.vscode\extensions\redhat.java-1.56.0-win32-x64\jre\21.0.12.1-win32-x86_64\bin\extnet.dll
0x00007ff84d570000 - 0x00007ff84d58b000 	C:\WINDOWS\SYSTEM32\CRYPTSP.dll
0x00007ff84ce20000 - 0x00007ff84ce55000 	C:\WINDOWS\system32\rsaenh.dll
0x00007ff84d410000 - 0x00007ff84d438000 	C:\WINDOWS\SYSTEM32\USERENV.dll
0x00007ff84d730000 - 0x00007ff84d758000 	C:\WINDOWS\SYSTEM32\bcrypt.dll
0x00007ff84d590000 - 0x00007ff84d59c000 	C:\WINDOWS\SYSTEM32\CRYPTBASE.dll
0x00007ff82dd60000 - 0x00007ff82dd6e000 	C:\Users\moner\.vscode\extensions\redhat.java-1.56.0-win32-x64\jre\21.0.12.1-win32-x86_64\bin\sunmscapi.dll
0x00007ff84dde0000 - 0x00007ff84df46000 	C:\WINDOWS\System32\CRYPT32.dll
0x00007ff84d700000 - 0x00007ff84d72d000 	C:\WINDOWS\SYSTEM32\ncrypt.dll
0x00007ff84d6c0000 - 0x00007ff84d6f7000 	C:\WINDOWS\SYSTEM32\NTASN1.dll
0x00007ff839b30000 - 0x00007ff839b38000 	C:\WINDOWS\system32\wshunix.dll

JVMTI agents:
C:\Users\moner\.gradle\wrapper\dists\gradle-9.3.1-all\9ot9r568e8zfvvd4mn8rbu1j0\gradle-9.3.1\lib\agents\gradle-instrumentation-agent-9.3.1.jar path:C:\Users\moner\.vscode\extensions\redhat.java-1.56.0-win32-x64\jre\21.0.12.1-win32-x86_64\bin\instrument.dll, loaded, initialized, instrumentlib options:none

dbghelp: loaded successfully - version: 4.0.5 - missing functions: none
symbol engine: initialized successfully - sym options: 0x614 - pdb path: .;C:\Users\moner\.vscode\extensions\redhat.java-1.56.0-win32-x64\jre\21.0.12.1-win32-x86_64\bin;C:\WINDOWS\SYSTEM32;C:\WINDOWS\WinSxS\amd64_microsoft.windows.common-controls_6595b64144ccf1df_6.0.22621.608_none_a9444ca7c10bb01d;C:\Users\moner\.vscode\extensions\redhat.java-1.56.0-win32-x64\jre\21.0.12.1-win32-x86_64\bin\server;C:\Users\moner\.gradle\native\660c5614fbf4a5f2a75b1949f50a0caf5cd603558e7d8a26e50b933a0cfb79d1\windows-amd64;C:\Users\moner\.gradle\native\0.2.8\x86_64-windows-gnu

VM Arguments:
jvm_args: --add-opens=java.base/java.lang=ALL-UNNAMED --add-opens=java.base/java.lang.invoke=ALL-UNNAMED --add-opens=java.base/java.util=ALL-UNNAMED --add-opens=java.prefs/java.util.prefs=ALL-UNNAMED --add-exports=jdk.compiler/com.sun.tools.javac.api=ALL-UNNAMED --add-exports=jdk.compiler/com.sun.tools.javac.util=ALL-UNNAMED --add-opens=java.base/java.util=ALL-UNNAMED --add-opens=java.prefs/java.util.prefs=ALL-UNNAMED --add-opens=java.base/java.nio.charset=ALL-UNNAMED --add-opens=java.base/java.net=ALL-UNNAMED --add-opens=java.base/java.util.concurrent=ALL-UNNAMED --add-opens=java.base/java.util.concurrent.atomic=ALL-UNNAMED --add-opens=java.xml/javax.xml.namespace=ALL-UNNAMED --add-opens=java.base/java.time=ALL-UNNAMED -XX:MaxMetaspaceSize=512m -XX:ReservedCodeCacheSize=256m -XX:+HeapDumpOnOutOfMemoryError -Xmx1G -Dfile.encoding=UTF-8 -Duser.country=LY -Duser.language=ar -Duser.variant -javaagent:C:\Users\moner\.gradle\wrapper\dists\gradle-9.3.1-all\9ot9r568e8zfvvd4mn8rbu1j0\gradle-9.3.1\lib\agents\gradle-instrumentation-agent-9.3.1.jar 
java_command: org.gradle.launcher.daemon.bootstrap.GradleDaemon 9.3.1
java_class_path (initial): C:\Users\moner\.gradle\wrapper\dists\gradle-9.3.1-all\9ot9r568e8zfvvd4mn8rbu1j0\gradle-9.3.1\lib\gradle-daemon-main-9.3.1.jar
Launcher Type: SUN_STANDARD

[Global flags]
     intx CICompilerCount                          = 3                                         {product} {ergonomic}
   size_t CompressedClassSpaceSize                 = 436207616                                 {product} {ergonomic}
     uint ConcGCThreads                            = 1                                         {product} {ergonomic}
     uint G1ConcRefinementThreads                  = 4                                         {product} {ergonomic}
   size_t G1HeapRegionSize                         = 1048576                                   {product} {ergonomic}
    uintx GCDrainStackTargetSize                   = 64                                        {product} {ergonomic}
     bool HeapDumpOnOutOfMemoryError               = true                                   {manageable} {command line}
   size_t InitialHeapSize                          = 134217728                                 {product} {ergonomic}
   size_t MarkStackSize                            = 4194304                                   {product} {ergonomic}
   size_t MaxHeapSize                              = 1073741824                                {product} {command line}
   size_t MaxMetaspaceSize                         = 536870912                                 {product} {command line}
   size_t MaxNewSize                               = 643825664                                 {product} {ergonomic}
   size_t MinHeapDeltaBytes                        = 1048576                                   {product} {ergonomic}
   size_t MinHeapSize                              = 8388608                                   {product} {ergonomic}
    uintx NonNMethodCodeHeapSize                   = 5832780                                {pd product} {ergonomic}
    uintx NonProfiledCodeHeapSize                  = 131301338                              {pd product} {ergonomic}
    uintx ProfiledCodeHeapSize                     = 131301338                              {pd product} {ergonomic}
    uintx ReservedCodeCacheSize                    = 268435456                              {pd product} {command line}
     bool SegmentedCodeCache                       = true                                      {product} {ergonomic}
   size_t SoftMaxHeapSize                          = 1073741824                             {manageable} {ergonomic}
     bool UseCompressedOops                        = true                           {product lp64_product} {ergonomic}
     bool UseG1GC                                  = true                                      {product} {ergonomic}
     bool UseLargePagesIndividualAllocation        = false                                  {pd product} {ergonomic}

Logging:
Log output configuration:
 #0: stdout all=warning uptime,level,tags foldmultilines=false
 #1: stderr all=off uptime,level,tags foldmultilines=false

Release file:
JAVA_VERSION="21.0.12.1" 
MODULES="java.base java.compiler java.datatransfer java.xml java.prefs java.desktop java.instrument java.logging java.management java.security.sasl java.naming java.rmi java.management.rmi java.net.http java.scripting java.security.jgss java.transaction.xa java.sql java.sql.rowset java.xml.crypto java.se java.smartcardio jdk.accessibility jdk.internal.jvmstat jdk.attach jdk.charsets jdk.internal.opt jdk.zipfs jdk.compiler jdk.crypto.ec jdk.crypto.cryptoki jdk.crypto.mscapi jdk.dynalink jdk.internal.ed jdk.editpad jdk.hotspot.agent jdk.httpserver jdk.internal.le jdk.internal.vm.ci jdk.internal.vm.compiler jdk.internal.vm.compiler.management jdk.jartool jdk.javadoc jdk.jcmd jdk.management jdk.management.agent jdk.jconsole jdk.jdeps jdk.jdwp.agent jdk.jdi jdk.jfr jdk.jshell jdk.jsobject jdk.jstatd jdk.localedata jdk.management.jfr jdk.naming.dns jdk.naming.rmi jdk.net jdk.nio.mapmode jdk.random jdk.sctp jdk.security.auth jdk.security.jgss jdk.unsupported jdk.unsupported.desktop jdk.xml.dom" 

Environment Variables:
PATH=C:\Python314\Scripts\;C:\Python314\;C:\Program Files\Common Files\Oracle\Java\javapath;C:\Program Files (x86)\Common Files\Oracle\Java\java8path;C:\Program Files (x86)\Common Files\Oracle\Java\javapath;C:\WINDOWS\system32;C:\WINDOWS;C:\WINDOWS\System32\Wbem;C:\WINDOWS\System32\WindowsPowerShell\v1.0\;C:\WINDOWS\System32\OpenSSH\;C:\Program Files\Java\jdk-23\bin;C:\Program Files\Git\cmd;C:\Program Files\dotnet\;C:\Program Files (x86)\Microsoft SQL Server\160\Tools\Binn\;C:\Program Files\Microsoft SQL Server\160\Tools\Binn\;C:\Program Files\Microsoft SQL Server\Client SDK\ODBC\170\Tools\Binn\;C:\Program Files\Microsoft SQL Server\160\DTS\Binn\;C:\Program Files\nodejs\;C:\ProgramData\chocolatey\bin;C:\Users\moner\AppData\Local\Microsoft\WindowsApps;C:\development\flutter\bin;C:\Users\moner\.dotnet\tools;C:\Users\moner\AppData\Roaming\npm;C:\Users\moner\AppData\Local\Programs\Microsoft VS Code\bin
USERNAME=moner
OS=Windows_NT
PROCESSOR_IDENTIFIER=Intel64 Family 6 Model 78 Stepping 3, GenuineIntel
TMP=C:\Users\moner\AppData\Local\Temp
TEMP=C:\Users\moner\AppData\Local\Temp




Periodic native trim disabled

---------------  S Y S T E M  ---------------

OS:
 Windows 11 , 64 bit Build 22621 (10.0.22621.1194)
OS uptime: 15 days 22:50 hours

CPU: total 4 (initial active 4) (2 cores per cpu, 2 threads per core) family 6 model 78 stepping 3 microcode 0xd6, cx8, cmov, fxsr, ht, mmx, 3dnowpref, sse, sse2, sse3, ssse3, sse4.1, sse4.2, popcnt, lzcnt, tsc, tscinvbit, avx, avx2, aes, erms, clmul, bmi1, bmi2, adx, fma, vzeroupper, clflush, clflushopt, rdtscp, f16c
Processor Information for the first 4 processors :
  Max Mhz: 1501, Current Mhz: 1100, Mhz Limit: 1095

Memory: 4k page, system-wide physical 8123M (288M free)
TotalPageFile size 14213M (AvailPageFile size 56M)
current process WorkingSet (physical memory assigned to process): 502M, peak: 549M
current process commit charge ("private bytes"): 599M, peak: 602M

vm_info: OpenJDK 64-Bit Server VM (21.0.12.1+1-LTS) for windows-amd64 JRE (21.0.12.1+1-LTS), built on 2026-08-18T00:00:00Z by "admin" with MS VC++ 17.12 (VS2022)

END.
